Archive member included to satisfy reference by file (symbol)

c:/intelfpga_lite/18.1/nios2eds/bin/gnu/h-x86_64-mingw32/bin/../lib/gcc/nios2-elf/5.3.0/mno-hw-mul\libgcc.a(lib2-divmod.o)
                              obj/default/hello_world_small.o (__udivsi3)
../alarm_clock_bsp/\libhal_bsp.a(alt_load.o)
                              ../alarm_clock_bsp//obj/HAL/src/crt0.o (alt_load)
../alarm_clock_bsp/\libhal_bsp.a(alt_main.o)
                              ../alarm_clock_bsp//obj/HAL/src/crt0.o (alt_main)
../alarm_clock_bsp/\libhal_bsp.a(alt_printf.o)
                              obj/default/hello_world_small.o (alt_printf)
../alarm_clock_bsp/\libhal_bsp.a(alt_putchar.o)
                              ../alarm_clock_bsp/\libhal_bsp.a(alt_printf.o) (alt_putchar)
../alarm_clock_bsp/\libhal_bsp.a(alt_putstr.o)
                              obj/default/hello_world_small.o (alt_putstr)
../alarm_clock_bsp/\libhal_bsp.a(alt_sys_init.o)
                              ../alarm_clock_bsp/\libhal_bsp.a(alt_main.o) (alt_irq_init)
../alarm_clock_bsp/\libhal_bsp.a(altera_avalon_jtag_uart_write.o)
                              ../alarm_clock_bsp/\libhal_bsp.a(alt_putchar.o) (altera_avalon_jtag_uart_write)
../alarm_clock_bsp/\libhal_bsp.a(alt_dcache_flush_all.o)
                              ../alarm_clock_bsp/\libhal_bsp.a(alt_load.o) (alt_dcache_flush_all)
../alarm_clock_bsp/\libhal_bsp.a(alt_icache_flush_all.o)
                              ../alarm_clock_bsp/\libhal_bsp.a(alt_load.o) (alt_icache_flush_all)
../alarm_clock_bsp/\libhal_bsp.a(altera_nios2_gen2_irq.o)
                              ../alarm_clock_bsp/\libhal_bsp.a(alt_sys_init.o) (altera_nios2_gen2_irq_init)
c:/intelfpga_lite/18.1/nios2eds/bin/gnu/h-x86_64-mingw32/bin/../lib/gcc/nios2-elf/5.3.0/../../../../../H-x86_64-mingw32/nios2-elf/lib/mno-hw-mul\libsmallc.a(lib_a-strlen.o)
                              ../alarm_clock_bsp/\libhal_bsp.a(alt_putstr.o) (strlen)

Memory Configuration

Name             Origin             Length             Attributes
reset            0x0000000000001000 0x0000000000000020
RAM              0x0000000000001020 0x0000000000000fe0
*default*        0x0000000000000000 0xffffffffffffffff

Linker script and memory map

LOAD ../alarm_clock_bsp//obj/HAL/src/crt0.o
LOAD obj/default/hello_world_small.o
LOAD c:/intelfpga_lite/18.1/nios2eds/bin/gnu/h-x86_64-mingw32/bin/../lib/gcc/nios2-elf/5.3.0/../../../../../H-x86_64-mingw32/nios2-elf/lib/mno-hw-mul\libstdc++.a
LOAD c:/intelfpga_lite/18.1/nios2eds/bin/gnu/h-x86_64-mingw32/bin/../lib/gcc/nios2-elf/5.3.0/../../../../../H-x86_64-mingw32/nios2-elf/lib/mno-hw-mul\libm.a
LOAD c:/intelfpga_lite/18.1/nios2eds/bin/gnu/h-x86_64-mingw32/bin/../lib/gcc/nios2-elf/5.3.0/mno-hw-mul\libgcc.a
START GROUP
LOAD c:/intelfpga_lite/18.1/nios2eds/bin/gnu/h-x86_64-mingw32/bin/../lib/gcc/nios2-elf/5.3.0/../../../../../H-x86_64-mingw32/nios2-elf/lib/mno-hw-mul\libsmallc.a
LOAD c:/intelfpga_lite/18.1/nios2eds/bin/gnu/h-x86_64-mingw32/bin/../lib/gcc/nios2-elf/5.3.0/mno-hw-mul\libgcc.a
LOAD ../alarm_clock_bsp/\libhal_bsp.a
LOAD c:/intelfpga_lite/18.1/nios2eds/bin/gnu/h-x86_64-mingw32/bin/../lib/gcc/nios2-elf/5.3.0/../../../../../H-x86_64-mingw32/nios2-elf/lib/mno-hw-mul\libm.a
END GROUP
LOAD c:/intelfpga_lite/18.1/nios2eds/bin/gnu/h-x86_64-mingw32/bin/../lib/gcc/nios2-elf/5.3.0/mno-hw-mul\libgcc.a
                0x0000000000001000                __alt_mem_RAM = 0x1000

.entry          0x0000000000001000       0x20
 *(.entry)
 .entry         0x0000000000001000       0x20 ../alarm_clock_bsp//obj/HAL/src/crt0.o
                0x0000000000001000                __reset
                0x000000000000100c                _exit

.exceptions     0x0000000000001020        0x0
                0x0000000000001020                PROVIDE (__ram_exceptions_start, ABSOLUTE (.))
                0x0000000000001020                . = ALIGN (0x20)
 *(.irq)
 *(.exceptions.entry.label)
 *(.exceptions.entry.user)
 *(.exceptions.entry.ecc_fatal)
 *(.exceptions.entry)
 *(.exceptions.irqtest.user)
 *(.exceptions.irqtest)
 *(.exceptions.irqhandler.user)
 *(.exceptions.irqhandler)
 *(.exceptions.irqreturn.user)
 *(.exceptions.irqreturn)
 *(.exceptions.notirq.label)
 *(.exceptions.notirq.user)
 *(.exceptions.notirq)
 *(.exceptions.soft.user)
 *(.exceptions.soft)
 *(.exceptions.unknown.user)
 *(.exceptions.unknown)
 *(.exceptions.exit.label)
 *(.exceptions.exit.user)
 *(.exceptions.exit)
 *(.exceptions)
                0x0000000000001020                PROVIDE (__ram_exceptions_end, ABSOLUTE (.))
                0x0000000000001020                PROVIDE (__flash_exceptions_start, LOADADDR (.exceptions))

.text           0x0000000000001020      0x770
                [!provide]                        PROVIDE (stext, ABSOLUTE (.))
 *(.interp)
 *(.hash)
 *(.dynsym)
 *(.dynstr)
 *(.gnu.version)
 *(.gnu.version_d)
 *(.gnu.version_r)
 *(.rel.init)
 *(.rela.init)
 *(.rel.text .rel.text.* .rel.gnu.linkonce.t.*)
 *(.rela.text .rela.text.* .rela.gnu.linkonce.t.*)
 *(.rel.fini)
 *(.rela.fini)
 *(.rel.rodata .rel.rodata.* .rel.gnu.linkonce.r.*)
 *(.rela.rodata .rela.rodata.* .rela.gnu.linkonce.r.*)
 *(.rel.data .rel.data.* .rel.gnu.linkonce.d.*)
 *(.rela.data .rela.data.* .rela.gnu.linkonce.d.*)
 *(.rel.tdata .rel.tdata.* .rel.gnu.linkonce.td.*)
 *(.rela.tdata .rela.tdata.* .rela.gnu.linkonce.td.*)
 *(.rel.tbss .rel.tbss.* .rel.gnu.linkonce.tb.*)
 *(.rela.tbss .rela.tbss.* .rela.gnu.linkonce.tb.*)
 *(.rel.ctors)
 *(.rela.ctors)
 *(.rel.dtors)
 *(.rela.dtors)
 *(.rel.got)
 *(.rela.got)
 *(.rel.sdata .rel.sdata.* .rel.gnu.linkonce.s.*)
 *(.rela.sdata .rela.sdata.* .rela.gnu.linkonce.s.*)
 *(.rel.sbss .rel.sbss.* .rel.gnu.linkonce.sb.*)
 *(.rela.sbss .rela.sbss.* .rela.gnu.linkonce.sb.*)
 *(.rel.sdata2 .rel.sdata2.* .rel.gnu.linkonce.s2.*)
 *(.rela.sdata2 .rela.sdata2.* .rela.gnu.linkonce.s2.*)
 *(.rel.sbss2 .rel.sbss2.* .rel.gnu.linkonce.sb2.*)
 *(.rela.sbss2 .rela.sbss2.* .rela.gnu.linkonce.sb2.*)
 *(.rel.bss .rel.bss.* .rel.gnu.linkonce.b.*)
 *(.rela.bss .rela.bss.* .rela.gnu.linkonce.b.*)
 *(.rel.plt)
 *(.rela.plt)
 *(.rel.dyn)
 *(.init)
 *(.plt)
 *(.text .stub .text.* .gnu.linkonce.t.*)
 .text          0x0000000000001020       0x3c ../alarm_clock_bsp//obj/HAL/src/crt0.o
                0x0000000000001020                _start
 .text          0x000000000000105c      0x14c obj/default/hello_world_small.o
                0x000000000000105c                add_second
                0x00000000000010bc                display_hour
                0x0000000000001118                init_values
                0x0000000000001154                set_value
 .text.startup  0x00000000000011a8       0xb4 obj/default/hello_world_small.o
                0x00000000000011a8                main
 .text          0x000000000000125c      0x1b4 c:/intelfpga_lite/18.1/nios2eds/bin/gnu/h-x86_64-mingw32/bin/../lib/gcc/nios2-elf/5.3.0/mno-hw-mul\libgcc.a(lib2-divmod.o)
                0x000000000000125c                __divsi3
                0x00000000000012e0                __modsi3
                0x0000000000001354                __udivsi3
                0x00000000000013b8                __umodsi3
 .text          0x0000000000001410       0xe0 ../alarm_clock_bsp/\libhal_bsp.a(alt_load.o)
                0x0000000000001410                alt_load
 .text          0x00000000000014f0       0x2c ../alarm_clock_bsp/\libhal_bsp.a(alt_main.o)
                0x00000000000014f0                alt_main
 .text          0x000000000000151c      0x170 ../alarm_clock_bsp/\libhal_bsp.a(alt_printf.o)
                0x000000000000151c                alt_printf
 .text          0x000000000000168c       0x48 ../alarm_clock_bsp/\libhal_bsp.a(alt_putchar.o)
                0x000000000000168c                alt_putchar
 .text          0x00000000000016d4       0x38 ../alarm_clock_bsp/\libhal_bsp.a(alt_putstr.o)
                0x00000000000016d4                alt_putstr
 .text          0x000000000000170c       0x24 ../alarm_clock_bsp/\libhal_bsp.a(alt_sys_init.o)
                0x000000000000170c                alt_irq_init
                0x000000000000172c                alt_sys_init
 .text          0x0000000000001730       0x34 ../alarm_clock_bsp/\libhal_bsp.a(altera_avalon_jtag_uart_write.o)
                0x0000000000001730                altera_avalon_jtag_uart_write
 .text          0x0000000000001764        0x4 ../alarm_clock_bsp/\libhal_bsp.a(alt_dcache_flush_all.o)
                0x0000000000001764                alt_dcache_flush_all
 .text          0x0000000000001768        0x4 ../alarm_clock_bsp/\libhal_bsp.a(alt_icache_flush_all.o)
                0x0000000000001768                alt_icache_flush_all
 .text          0x000000000000176c        0x8 ../alarm_clock_bsp/\libhal_bsp.a(altera_nios2_gen2_irq.o)
                0x000000000000176c                altera_nios2_gen2_irq_init
 .text          0x0000000000001774        0x0 c:/intelfpga_lite/18.1/nios2eds/bin/gnu/h-x86_64-mingw32/bin/../lib/gcc/nios2-elf/5.3.0/../../../../../H-x86_64-mingw32/nios2-elf/lib/mno-hw-mul\libsmallc.a(lib_a-strlen.o)
 .text.strlen   0x0000000000001774       0x1c c:/intelfpga_lite/18.1/nios2eds/bin/gnu/h-x86_64-mingw32/bin/../lib/gcc/nios2-elf/5.3.0/../../../../../H-x86_64-mingw32/nios2-elf/lib/mno-hw-mul\libsmallc.a(lib_a-strlen.o)
                0x0000000000001774                strlen
 *(.gnu.warning.*)
 *(.fini)
                [!provide]                        PROVIDE (__etext, ABSOLUTE (.))
                [!provide]                        PROVIDE (_etext, ABSOLUTE (.))
                [!provide]                        PROVIDE (etext, ABSOLUTE (.))
 *(.eh_frame_hdr)
                0x0000000000001790                . = ALIGN (0x4)
                [!provide]                        PROVIDE (__preinit_array_start, ABSOLUTE (.))
 *(.preinit_array)
                [!provide]                        PROVIDE (__preinit_array_end, ABSOLUTE (.))
                [!provide]                        PROVIDE (__init_array_start, ABSOLUTE (.))
 *(.init_array)
                [!provide]                        PROVIDE (__init_array_end, ABSOLUTE (.))
                [!provide]                        PROVIDE (__fini_array_start, ABSOLUTE (.))
 *(.fini_array)
                [!provide]                        PROVIDE (__fini_array_end, ABSOLUTE (.))
 *(.eh_frame)
 *(.gcc_except_table .gcc_except_table.*)
 *(.dynamic)
                [!provide]                        PROVIDE (__CTOR_LIST__, ABSOLUTE (.))
 *(.ctors)
 *(SORT(.ctors.*))
                [!provide]                        PROVIDE (__CTOR_END__, ABSOLUTE (.))
                [!provide]                        PROVIDE (__DTOR_LIST__, ABSOLUTE (.))
 *(.dtors)
 *(SORT(.dtors.*))
                [!provide]                        PROVIDE (__DTOR_END__, ABSOLUTE (.))
 *(.jcr)
                0x0000000000001790                . = ALIGN (0x4)

.rodata         0x0000000000001790       0x2c
                0x0000000000001790                PROVIDE (__ram_rodata_start, ABSOLUTE (.))
                0x0000000000001790                . = ALIGN (0x4)
 *(.rodata .rodata.* .gnu.linkonce.r.*)
 .rodata.str1.4
                0x0000000000001790       0x2c obj/default/hello_world_small.o
 *(.rodata1)
                0x00000000000017bc                . = ALIGN (0x4)
                0x00000000000017bc                PROVIDE (__ram_rodata_end, ABSOLUTE (.))
                0x0000000000001790                PROVIDE (__flash_rodata_start, LOADADDR (.rodata))

.rwdata         0x00000000000017bc       0x38 load address 0x00000000000017f4
                0x00000000000017bc                PROVIDE (__ram_rwdata_start, ABSOLUTE (.))
                0x00000000000017bc                . = ALIGN (0x4)
 *(.got.plt)
 *(.got)
 *(.data1)
 *(.data .data.* .gnu.linkonce.d.*)
 .data          0x00000000000017bc        0x0 ../alarm_clock_bsp//obj/HAL/src/crt0.o
 .data          0x00000000000017bc        0x0 obj/default/hello_world_small.o
 .data          0x00000000000017bc        0x0 c:/intelfpga_lite/18.1/nios2eds/bin/gnu/h-x86_64-mingw32/bin/../lib/gcc/nios2-elf/5.3.0/mno-hw-mul\libgcc.a(lib2-divmod.o)
 .data          0x00000000000017bc        0x0 ../alarm_clock_bsp/\libhal_bsp.a(alt_load.o)
 .data          0x00000000000017bc        0x0 ../alarm_clock_bsp/\libhal_bsp.a(alt_main.o)
 .data          0x00000000000017bc        0x0 ../alarm_clock_bsp/\libhal_bsp.a(alt_printf.o)
 .data          0x00000000000017bc        0x0 ../alarm_clock_bsp/\libhal_bsp.a(alt_putchar.o)
 .data          0x00000000000017bc        0x0 ../alarm_clock_bsp/\libhal_bsp.a(alt_putstr.o)
 .data          0x00000000000017bc        0x0 ../alarm_clock_bsp/\libhal_bsp.a(alt_sys_init.o)
 .data          0x00000000000017bc        0x0 ../alarm_clock_bsp/\libhal_bsp.a(altera_avalon_jtag_uart_write.o)
 .data          0x00000000000017bc        0x0 ../alarm_clock_bsp/\libhal_bsp.a(alt_dcache_flush_all.o)
 .data          0x00000000000017bc        0x0 ../alarm_clock_bsp/\libhal_bsp.a(alt_icache_flush_all.o)
 .data          0x00000000000017bc        0x0 ../alarm_clock_bsp/\libhal_bsp.a(altera_nios2_gen2_irq.o)
 .data          0x00000000000017bc        0x0 c:/intelfpga_lite/18.1/nios2eds/bin/gnu/h-x86_64-mingw32/bin/../lib/gcc/nios2-elf/5.3.0/../../../../../H-x86_64-mingw32/nios2-elf/lib/mno-hw-mul\libsmallc.a(lib_a-strlen.o)
                0x00000000000097bc                _gp = ABSOLUTE ((. + 0x8000))
                [!provide]                        PROVIDE (gp, _gp)
 *(.rwdata .rwdata.*)
 *(.sdata .sdata.* .gnu.linkonce.s.*)
 .sdata         0x00000000000017bc       0x34 obj/default/hello_world_small.o
                0x00000000000017bc                alarm
                0x00000000000017c4                alarm_ptr
                0x00000000000017c8                down_ptr
                0x00000000000017cc                up_ptr
                0x00000000000017d0                set_clock_ptr
                0x00000000000017d4                set_alarm_ptr
                0x00000000000017d8                s0_ptr
                0x00000000000017dc                s1_ptr
                0x00000000000017e0                m0_ptr
                0x00000000000017e4                m1_ptr
                0x00000000000017e8                h0_ptr
                0x00000000000017ec                h1_ptr
 .sdata         0x00000000000017f0        0x4 ../alarm_clock_bsp/\libhal_bsp.a(alt_sys_init.o)
                0x00000000000017f0                UART
 *(.sdata2 .sdata2.* .gnu.linkonce.s2.*)
                0x00000000000017f4                . = ALIGN (0x4)
                0x00000000000017f4                _edata = ABSOLUTE (.)
                [!provide]                        PROVIDE (edata, ABSOLUTE (.))
                0x00000000000017f4                PROVIDE (__ram_rwdata_end, ABSOLUTE (.))
                0x00000000000017f4                PROVIDE (__flash_rwdata_start, LOADADDR (.rwdata))

.bss            0x000000000000182c       0x14
                0x000000000000182c                __bss_start = ABSOLUTE (.)
                [!provide]                        PROVIDE (__sbss_start, ABSOLUTE (.))
                [!provide]                        PROVIDE (___sbss_start, ABSOLUTE (.))
 *(.dynsbss)
 *(.sbss .sbss.* .gnu.linkonce.sb.*)
 .sbss          0x000000000000182c        0x8 obj/default/hello_world_small.o
                0x000000000000182c                is_activated
                0x000000000000182e                hour
 .sbss          0x0000000000001834        0xc ../alarm_clock_bsp/\libhal_bsp.a(alt_main.o)
                0x0000000000001834                alt_envp
                0x0000000000001838                alt_argv
                0x000000000000183c                alt_argc
 *(.sbss2 .sbss2.* .gnu.linkonce.sb2.*)
 *(.scommon)
                [!provide]                        PROVIDE (__sbss_end, ABSOLUTE (.))
                [!provide]                        PROVIDE (___sbss_end, ABSOLUTE (.))
 *(.dynbss)
 *(.bss .bss.* .gnu.linkonce.b.*)
 .bss           0x0000000000001840        0x0 ../alarm_clock_bsp//obj/HAL/src/crt0.o
 .bss           0x0000000000001840        0x0 obj/default/hello_world_small.o
 .bss           0x0000000000001840        0x0 c:/intelfpga_lite/18.1/nios2eds/bin/gnu/h-x86_64-mingw32/bin/../lib/gcc/nios2-elf/5.3.0/mno-hw-mul\libgcc.a(lib2-divmod.o)
 .bss           0x0000000000001840        0x0 ../alarm_clock_bsp/\libhal_bsp.a(alt_load.o)
 .bss           0x0000000000001840        0x0 ../alarm_clock_bsp/\libhal_bsp.a(alt_main.o)
 .bss           0x0000000000001840        0x0 ../alarm_clock_bsp/\libhal_bsp.a(alt_printf.o)
 .bss           0x0000000000001840        0x0 ../alarm_clock_bsp/\libhal_bsp.a(alt_putchar.o)
 .bss           0x0000000000001840        0x0 ../alarm_clock_bsp/\libhal_bsp.a(alt_putstr.o)
 .bss           0x0000000000001840        0x0 ../alarm_clock_bsp/\libhal_bsp.a(alt_sys_init.o)
 .bss           0x0000000000001840        0x0 ../alarm_clock_bsp/\libhal_bsp.a(altera_avalon_jtag_uart_write.o)
 .bss           0x0000000000001840        0x0 ../alarm_clock_bsp/\libhal_bsp.a(alt_dcache_flush_all.o)
 .bss           0x0000000000001840        0x0 ../alarm_clock_bsp/\libhal_bsp.a(alt_icache_flush_all.o)
 .bss           0x0000000000001840        0x0 ../alarm_clock_bsp/\libhal_bsp.a(altera_nios2_gen2_irq.o)
 .bss           0x0000000000001840        0x0 c:/intelfpga_lite/18.1/nios2eds/bin/gnu/h-x86_64-mingw32/bin/../lib/gcc/nios2-elf/5.3.0/../../../../../H-x86_64-mingw32/nios2-elf/lib/mno-hw-mul\libsmallc.a(lib_a-strlen.o)
 *(COMMON)
                0x0000000000001840                . = ALIGN (0x4)
                0x0000000000001840                __bss_end = ABSOLUTE (.)

.RAM            0x0000000000001840        0x0
                [!provide]                        PROVIDE (_alt_partition_RAM_start, ABSOLUTE (.))
 *(.RAM .RAM. RAM.*)
                0x0000000000001840                . = ALIGN (0x4)
                [!provide]                        PROVIDE (_alt_partition_RAM_end, ABSOLUTE (.))
                0x0000000000001840                _end = ABSOLUTE (.)
                0x0000000000001840                end = ABSOLUTE (.)
                0x0000000000001840                __alt_stack_base = ABSOLUTE (.)
                [!provide]                        PROVIDE (_alt_partition_RAM_load_addr, LOADADDR (.RAM))

.stab
 *(.stab)

.stabstr
 *(.stabstr)

.stab.excl
 *(.stab.excl)

.stab.exclstr
 *(.stab.exclstr)

.stab.index
 *(.stab.index)

.stab.indexstr
 *(.stab.indexstr)

.comment        0x0000000000000000       0x23
 *(.comment)
 .comment       0x0000000000000000       0x23 obj/default/hello_world_small.o
                                         0x24 (size before relaxing)
 .comment       0x0000000000000023       0x24 c:/intelfpga_lite/18.1/nios2eds/bin/gnu/h-x86_64-mingw32/bin/../lib/gcc/nios2-elf/5.3.0/mno-hw-mul\libgcc.a(lib2-divmod.o)
 .comment       0x0000000000000023       0x24 ../alarm_clock_bsp/\libhal_bsp.a(alt_load.o)
 .comment       0x0000000000000023       0x24 ../alarm_clock_bsp/\libhal_bsp.a(alt_main.o)
 .comment       0x0000000000000023       0x24 ../alarm_clock_bsp/\libhal_bsp.a(alt_printf.o)
 .comment       0x0000000000000023       0x24 ../alarm_clock_bsp/\libhal_bsp.a(alt_putchar.o)
 .comment       0x0000000000000023       0x24 ../alarm_clock_bsp/\libhal_bsp.a(alt_putstr.o)
 .comment       0x0000000000000023       0x24 ../alarm_clock_bsp/\libhal_bsp.a(alt_sys_init.o)
 .comment       0x0000000000000023       0x24 ../alarm_clock_bsp/\libhal_bsp.a(altera_avalon_jtag_uart_write.o)
 .comment       0x0000000000000023       0x24 ../alarm_clock_bsp/\libhal_bsp.a(alt_dcache_flush_all.o)
 .comment       0x0000000000000023       0x24 ../alarm_clock_bsp/\libhal_bsp.a(alt_icache_flush_all.o)
 .comment       0x0000000000000023       0x24 ../alarm_clock_bsp/\libhal_bsp.a(altera_nios2_gen2_irq.o)
 .comment       0x0000000000000023       0x24 c:/intelfpga_lite/18.1/nios2eds/bin/gnu/h-x86_64-mingw32/bin/../lib/gcc/nios2-elf/5.3.0/../../../../../H-x86_64-mingw32/nios2-elf/lib/mno-hw-mul\libsmallc.a(lib_a-strlen.o)

.debug
 *(.debug)

.line
 *(.line)

.debug_srcinfo
 *(.debug_srcinfo)

.debug_sfnames
 *(.debug_sfnames)

.debug_aranges  0x0000000000000000      0x1d0
 *(.debug_aranges)
 .debug_aranges
                0x0000000000000000       0x28 ../alarm_clock_bsp//obj/HAL/src/crt0.o
 .debug_aranges
                0x0000000000000028       0x28 obj/default/hello_world_small.o
 .debug_aranges
                0x0000000000000050       0x20 c:/intelfpga_lite/18.1/nios2eds/bin/gnu/h-x86_64-mingw32/bin/../lib/gcc/nios2-elf/5.3.0/mno-hw-mul\libgcc.a(lib2-divmod.o)
 .debug_aranges
                0x0000000000000070       0x20 ../alarm_clock_bsp/\libhal_bsp.a(alt_load.o)
 .debug_aranges
                0x0000000000000090       0x20 ../alarm_clock_bsp/\libhal_bsp.a(alt_main.o)
 .debug_aranges
                0x00000000000000b0       0x20 ../alarm_clock_bsp/\libhal_bsp.a(alt_printf.o)
 .debug_aranges
                0x00000000000000d0       0x20 ../alarm_clock_bsp/\libhal_bsp.a(alt_putchar.o)
 .debug_aranges
                0x00000000000000f0       0x20 ../alarm_clock_bsp/\libhal_bsp.a(alt_putstr.o)
 .debug_aranges
                0x0000000000000110       0x20 ../alarm_clock_bsp/\libhal_bsp.a(alt_sys_init.o)
 .debug_aranges
                0x0000000000000130       0x20 ../alarm_clock_bsp/\libhal_bsp.a(altera_avalon_jtag_uart_write.o)
 .debug_aranges
                0x0000000000000150       0x20 ../alarm_clock_bsp/\libhal_bsp.a(alt_dcache_flush_all.o)
 .debug_aranges
                0x0000000000000170       0x20 ../alarm_clock_bsp/\libhal_bsp.a(alt_icache_flush_all.o)
 .debug_aranges
                0x0000000000000190       0x20 ../alarm_clock_bsp/\libhal_bsp.a(altera_nios2_gen2_irq.o)
 .debug_aranges
                0x00000000000001b0       0x20 c:/intelfpga_lite/18.1/nios2eds/bin/gnu/h-x86_64-mingw32/bin/../lib/gcc/nios2-elf/5.3.0/../../../../../H-x86_64-mingw32/nios2-elf/lib/mno-hw-mul\libsmallc.a(lib_a-strlen.o)

.debug_pubnames
 *(.debug_pubnames)

.debug_info     0x0000000000000000     0x12fa
 *(.debug_info .gnu.linkonce.wi.*)
 .debug_info    0x0000000000000000       0xb4 ../alarm_clock_bsp//obj/HAL/src/crt0.o
 .debug_info    0x00000000000000b4      0x2ea obj/default/hello_world_small.o
 .debug_info    0x000000000000039e      0x2c6 c:/intelfpga_lite/18.1/nios2eds/bin/gnu/h-x86_64-mingw32/bin/../lib/gcc/nios2-elf/5.3.0/mno-hw-mul\libgcc.a(lib2-divmod.o)
 .debug_info    0x0000000000000664      0x1c9 ../alarm_clock_bsp/\libhal_bsp.a(alt_load.o)
 .debug_info    0x000000000000082d      0x169 ../alarm_clock_bsp/\libhal_bsp.a(alt_main.o)
 .debug_info    0x0000000000000996      0x14d ../alarm_clock_bsp/\libhal_bsp.a(alt_printf.o)
 .debug_info    0x0000000000000ae3      0x12a ../alarm_clock_bsp/\libhal_bsp.a(alt_putchar.o)
 .debug_info    0x0000000000000c0d      0x13a ../alarm_clock_bsp/\libhal_bsp.a(alt_putstr.o)
 .debug_info    0x0000000000000d47      0x19d ../alarm_clock_bsp/\libhal_bsp.a(alt_sys_init.o)
 .debug_info    0x0000000000000ee4      0x197 ../alarm_clock_bsp/\libhal_bsp.a(altera_avalon_jtag_uart_write.o)
 .debug_info    0x000000000000107b       0x92 ../alarm_clock_bsp/\libhal_bsp.a(alt_dcache_flush_all.o)
 .debug_info    0x000000000000110d       0x92 ../alarm_clock_bsp/\libhal_bsp.a(alt_icache_flush_all.o)
 .debug_info    0x000000000000119f       0x92 ../alarm_clock_bsp/\libhal_bsp.a(altera_nios2_gen2_irq.o)
 .debug_info    0x0000000000001231       0xc9 c:/intelfpga_lite/18.1/nios2eds/bin/gnu/h-x86_64-mingw32/bin/../lib/gcc/nios2-elf/5.3.0/../../../../../H-x86_64-mingw32/nios2-elf/lib/mno-hw-mul\libsmallc.a(lib_a-strlen.o)

.debug_abbrev   0x0000000000000000      0x9d4
 *(.debug_abbrev)
 .debug_abbrev  0x0000000000000000       0x12 ../alarm_clock_bsp//obj/HAL/src/crt0.o
 .debug_abbrev  0x0000000000000012      0x14c obj/default/hello_world_small.o
 .debug_abbrev  0x000000000000015e      0x10e c:/intelfpga_lite/18.1/nios2eds/bin/gnu/h-x86_64-mingw32/bin/../lib/gcc/nios2-elf/5.3.0/mno-hw-mul\libgcc.a(lib2-divmod.o)
 .debug_abbrev  0x000000000000026c       0xd8 ../alarm_clock_bsp/\libhal_bsp.a(alt_load.o)
 .debug_abbrev  0x0000000000000344       0xee ../alarm_clock_bsp/\libhal_bsp.a(alt_main.o)
 .debug_abbrev  0x0000000000000432       0xd5 ../alarm_clock_bsp/\libhal_bsp.a(alt_printf.o)
 .debug_abbrev  0x0000000000000507       0xd2 ../alarm_clock_bsp/\libhal_bsp.a(alt_putchar.o)
 .debug_abbrev  0x00000000000005d9       0xd3 ../alarm_clock_bsp/\libhal_bsp.a(alt_putstr.o)
 .debug_abbrev  0x00000000000006ac      0x10e ../alarm_clock_bsp/\libhal_bsp.a(alt_sys_init.o)
 .debug_abbrev  0x00000000000007ba       0xd5 ../alarm_clock_bsp/\libhal_bsp.a(altera_avalon_jtag_uart_write.o)
 .debug_abbrev  0x000000000000088f       0x42 ../alarm_clock_bsp/\libhal_bsp.a(alt_dcache_flush_all.o)
 .debug_abbrev  0x00000000000008d1       0x42 ../alarm_clock_bsp/\libhal_bsp.a(alt_icache_flush_all.o)
 .debug_abbrev  0x0000000000000913       0x42 ../alarm_clock_bsp/\libhal_bsp.a(altera_nios2_gen2_irq.o)
 .debug_abbrev  0x0000000000000955       0x7f c:/intelfpga_lite/18.1/nios2eds/bin/gnu/h-x86_64-mingw32/bin/../lib/gcc/nios2-elf/5.3.0/../../../../../H-x86_64-mingw32/nios2-elf/lib/mno-hw-mul\libsmallc.a(lib_a-strlen.o)

.debug_line     0x0000000000000000      0xa51
 *(.debug_line)
 .debug_line    0x0000000000000000       0x66 ../alarm_clock_bsp//obj/HAL/src/crt0.o
 .debug_line    0x0000000000000066      0x12c obj/default/hello_world_small.o
 .debug_line    0x0000000000000192      0x105 c:/intelfpga_lite/18.1/nios2eds/bin/gnu/h-x86_64-mingw32/bin/../lib/gcc/nios2-elf/5.3.0/mno-hw-mul\libgcc.a(lib2-divmod.o)
 .debug_line    0x0000000000000297       0xa4 ../alarm_clock_bsp/\libhal_bsp.a(alt_load.o)
 .debug_line    0x000000000000033b       0xbd ../alarm_clock_bsp/\libhal_bsp.a(alt_main.o)
 .debug_line    0x00000000000003f8      0x112 ../alarm_clock_bsp/\libhal_bsp.a(alt_printf.o)
 .debug_line    0x000000000000050a       0x55 ../alarm_clock_bsp/\libhal_bsp.a(alt_putchar.o)
 .debug_line    0x000000000000055f       0xa0 ../alarm_clock_bsp/\libhal_bsp.a(alt_putstr.o)
 .debug_line    0x00000000000005ff      0x11a ../alarm_clock_bsp/\libhal_bsp.a(alt_sys_init.o)
 .debug_line    0x0000000000000719       0xf0 ../alarm_clock_bsp/\libhal_bsp.a(altera_avalon_jtag_uart_write.o)
 .debug_line    0x0000000000000809       0x4e ../alarm_clock_bsp/\libhal_bsp.a(alt_dcache_flush_all.o)
 .debug_line    0x0000000000000857       0x4e ../alarm_clock_bsp/\libhal_bsp.a(alt_icache_flush_all.o)
 .debug_line    0x00000000000008a5       0x50 ../alarm_clock_bsp/\libhal_bsp.a(altera_nios2_gen2_irq.o)
 .debug_line    0x00000000000008f5      0x15c c:/intelfpga_lite/18.1/nios2eds/bin/gnu/h-x86_64-mingw32/bin/../lib/gcc/nios2-elf/5.3.0/../../../../../H-x86_64-mingw32/nios2-elf/lib/mno-hw-mul\libsmallc.a(lib_a-strlen.o)

.debug_frame    0x0000000000000000      0x2cc
 *(.debug_frame)
 .debug_frame   0x0000000000000000       0x90 obj/default/hello_world_small.o
 .debug_frame   0x0000000000000090       0x50 c:/intelfpga_lite/18.1/nios2eds/bin/gnu/h-x86_64-mingw32/bin/../lib/gcc/nios2-elf/5.3.0/mno-hw-mul\libgcc.a(lib2-divmod.o)
 .debug_frame   0x00000000000000e0       0x30 ../alarm_clock_bsp/\libhal_bsp.a(alt_load.o)
 .debug_frame   0x0000000000000110       0x2c ../alarm_clock_bsp/\libhal_bsp.a(alt_main.o)
 .debug_frame   0x000000000000013c       0x54 ../alarm_clock_bsp/\libhal_bsp.a(alt_printf.o)
 .debug_frame   0x0000000000000190       0x30 ../alarm_clock_bsp/\libhal_bsp.a(alt_putchar.o)
 .debug_frame   0x00000000000001c0       0x30 ../alarm_clock_bsp/\libhal_bsp.a(alt_putstr.o)
 .debug_frame   0x00000000000001f0       0x3c ../alarm_clock_bsp/\libhal_bsp.a(alt_sys_init.o)
 .debug_frame   0x000000000000022c       0x20 ../alarm_clock_bsp/\libhal_bsp.a(altera_avalon_jtag_uart_write.o)
 .debug_frame   0x000000000000024c       0x20 ../alarm_clock_bsp/\libhal_bsp.a(alt_dcache_flush_all.o)
 .debug_frame   0x000000000000026c       0x20 ../alarm_clock_bsp/\libhal_bsp.a(alt_icache_flush_all.o)
 .debug_frame   0x000000000000028c       0x20 ../alarm_clock_bsp/\libhal_bsp.a(altera_nios2_gen2_irq.o)
 .debug_frame   0x00000000000002ac       0x20 c:/intelfpga_lite/18.1/nios2eds/bin/gnu/h-x86_64-mingw32/bin/../lib/gcc/nios2-elf/5.3.0/../../../../../H-x86_64-mingw32/nios2-elf/lib/mno-hw-mul\libsmallc.a(lib_a-strlen.o)

.debug_str      0x0000000000000000      0x968
 *(.debug_str)
 .debug_str     0x0000000000000000      0x1b6 obj/default/hello_world_small.o
                                        0x1dd (size before relaxing)
 .debug_str     0x00000000000001b6      0x195 c:/intelfpga_lite/18.1/nios2eds/bin/gnu/h-x86_64-mingw32/bin/../lib/gcc/nios2-elf/5.3.0/mno-hw-mul\libgcc.a(lib2-divmod.o)
                                        0x1d2 (size before relaxing)
 .debug_str     0x000000000000034b      0x1b0 ../alarm_clock_bsp/\libhal_bsp.a(alt_load.o)
                                        0x266 (size before relaxing)
 .debug_str     0x00000000000004fb      0x10f ../alarm_clock_bsp/\libhal_bsp.a(alt_main.o)
                                        0x1fb (size before relaxing)
 .debug_str     0x000000000000060a       0x59 ../alarm_clock_bsp/\libhal_bsp.a(alt_printf.o)
                                        0x130 (size before relaxing)
 .debug_str     0x0000000000000663       0x59 ../alarm_clock_bsp/\libhal_bsp.a(alt_putchar.o)
                                        0x1cc (size before relaxing)
 .debug_str     0x00000000000006bc       0x1c ../alarm_clock_bsp/\libhal_bsp.a(alt_putstr.o)
                                        0x1d1 (size before relaxing)
 .debug_str     0x00000000000006d8       0xb9 ../alarm_clock_bsp/\libhal_bsp.a(alt_sys_init.o)
                                        0x29d (size before relaxing)
 .debug_str     0x0000000000000791       0x3f ../alarm_clock_bsp/\libhal_bsp.a(altera_avalon_jtag_uart_write.o)
                                        0x25b (size before relaxing)
 .debug_str     0x00000000000007d0       0x1f ../alarm_clock_bsp/\libhal_bsp.a(alt_dcache_flush_all.o)
                                        0x19b (size before relaxing)
 .debug_str     0x00000000000007ef       0x1f ../alarm_clock_bsp/\libhal_bsp.a(alt_icache_flush_all.o)
                                        0x19b (size before relaxing)
 .debug_str     0x000000000000080e       0x20 ../alarm_clock_bsp/\libhal_bsp.a(altera_nios2_gen2_irq.o)
                                        0x1a2 (size before relaxing)
 .debug_str     0x000000000000082e      0x13a c:/intelfpga_lite/18.1/nios2eds/bin/gnu/h-x86_64-mingw32/bin/../lib/gcc/nios2-elf/5.3.0/../../../../../H-x86_64-mingw32/nios2-elf/lib/mno-hw-mul\libsmallc.a(lib_a-strlen.o)
                                        0x1e5 (size before relaxing)

.debug_loc      0x0000000000000000      0x926
 *(.debug_loc)
 .debug_loc     0x0000000000000000      0x14d obj/default/hello_world_small.o
 .debug_loc     0x000000000000014d      0x4ce c:/intelfpga_lite/18.1/nios2eds/bin/gnu/h-x86_64-mingw32/bin/../lib/gcc/nios2-elf/5.3.0/mno-hw-mul\libgcc.a(lib2-divmod.o)
 .debug_loc     0x000000000000061b      0x1de ../alarm_clock_bsp/\libhal_bsp.a(alt_printf.o)
 .debug_loc     0x00000000000007f9       0x2c ../alarm_clock_bsp/\libhal_bsp.a(alt_putchar.o)
 .debug_loc     0x0000000000000825       0x37 ../alarm_clock_bsp/\libhal_bsp.a(alt_putstr.o)
 .debug_loc     0x000000000000085c       0x21 ../alarm_clock_bsp/\libhal_bsp.a(alt_sys_init.o)
 .debug_loc     0x000000000000087d       0x8b ../alarm_clock_bsp/\libhal_bsp.a(altera_avalon_jtag_uart_write.o)
 .debug_loc     0x0000000000000908       0x1e c:/intelfpga_lite/18.1/nios2eds/bin/gnu/h-x86_64-mingw32/bin/../lib/gcc/nios2-elf/5.3.0/../../../../../H-x86_64-mingw32/nios2-elf/lib/mno-hw-mul\libsmallc.a(lib_a-strlen.o)

.debug_macinfo
 *(.debug_macinfo)

.debug_weaknames
 *(.debug_weaknames)

.debug_funcnames
 *(.debug_funcnames)

.debug_typenames
 *(.debug_typenames)

.debug_varnames
 *(.debug_varnames)

.debug_alt_sim_info
                0x0000000000000000       0x10
 *(.debug_alt_sim_info)
 .debug_alt_sim_info
                0x0000000000000000       0x10 ../alarm_clock_bsp//obj/HAL/src/crt0.o
                0x0000000000002000                __alt_data_end = 0x2000
                0x0000000000002000                PROVIDE (__alt_stack_pointer, __alt_data_end)
                [!provide]                        PROVIDE (__alt_stack_limit, __alt_stack_base)
                [!provide]                        PROVIDE (__alt_heap_start, end)
                [!provide]                        PROVIDE (__alt_heap_limit, 0x2000)
OUTPUT(alarm_clock.elf elf32-littlenios2)

.debug_ranges   0x0000000000000000      0x170
 .debug_ranges  0x0000000000000000       0x20 ../alarm_clock_bsp//obj/HAL/src/crt0.o
 .debug_ranges  0x0000000000000020       0x80 obj/default/hello_world_small.o
 .debug_ranges  0x00000000000000a0       0x60 c:/intelfpga_lite/18.1/nios2eds/bin/gnu/h-x86_64-mingw32/bin/../lib/gcc/nios2-elf/5.3.0/mno-hw-mul\libgcc.a(lib2-divmod.o)
 .debug_ranges  0x0000000000000100       0x48 ../alarm_clock_bsp/\libhal_bsp.a(alt_load.o)
 .debug_ranges  0x0000000000000148       0x18 ../alarm_clock_bsp/\libhal_bsp.a(alt_printf.o)
 .debug_ranges  0x0000000000000160       0x10 c:/intelfpga_lite/18.1/nios2eds/bin/gnu/h-x86_64-mingw32/bin/../lib/gcc/nios2-elf/5.3.0/../../../../../H-x86_64-mingw32/nios2-elf/lib/mno-hw-mul\libsmallc.a(lib_a-strlen.o)
