Archive member included to satisfy reference by file (symbol)

c:/intelfpga_lite/18.1/nios2eds/bin/gnu/h-x86_64-mingw32/bin/../lib/gcc/nios2-elf/5.3.0/mno-hw-mul\libgcc.a(lib2-divmod.o)
                              obj/default/hello_world_small.o (__udivsi3)
../alarm_clock_bsp/\libhal_bsp.a(alt_irq_register.o)
                              obj/default/hello_world_small.o (alt_irq_register)
../alarm_clock_bsp/\libhal_bsp.a(alt_irq_vars.o)
                              ../alarm_clock_bsp/\libhal_bsp.a(alt_irq_register.o) (alt_irq_active)
../alarm_clock_bsp/\libhal_bsp.a(alt_load.o)
                              ../alarm_clock_bsp//obj/HAL/src/crt0.o (alt_load)
../alarm_clock_bsp/\libhal_bsp.a(alt_main.o)
                              ../alarm_clock_bsp//obj/HAL/src/crt0.o (alt_main)
../alarm_clock_bsp/\libhal_bsp.a(alt_printf.o)
                              obj/default/hello_world_small.o (alt_printf)
../alarm_clock_bsp/\libhal_bsp.a(alt_putchar.o)
                              ../alarm_clock_bsp/\libhal_bsp.a(alt_printf.o) (alt_putchar)
../alarm_clock_bsp/\libhal_bsp.a(alt_putstr.o)
                              obj/default/hello_world_small.o (alt_putstr)
../alarm_clock_bsp/\libhal_bsp.a(alt_sys_init.o)
                              ../alarm_clock_bsp/\libhal_bsp.a(alt_main.o) (alt_irq_init)
../alarm_clock_bsp/\libhal_bsp.a(altera_avalon_jtag_uart_write.o)
                              ../alarm_clock_bsp/\libhal_bsp.a(alt_putchar.o) (altera_avalon_jtag_uart_write)
../alarm_clock_bsp/\libhal_bsp.a(altera_avalon_timer_vars.o)
                              ../alarm_clock_bsp/\libhal_bsp.a(alt_sys_init.o) (altera_avalon_timer_ts_freq)
../alarm_clock_bsp/\libhal_bsp.a(alt_dcache_flush_all.o)
                              ../alarm_clock_bsp/\libhal_bsp.a(alt_load.o) (alt_dcache_flush_all)
../alarm_clock_bsp/\libhal_bsp.a(alt_icache_flush_all.o)
                              ../alarm_clock_bsp/\libhal_bsp.a(alt_load.o) (alt_icache_flush_all)
../alarm_clock_bsp/\libhal_bsp.a(alt_irq_entry.o)
                              ../alarm_clock_bsp/\libhal_bsp.a(alt_irq_register.o) (alt_irq_entry)
../alarm_clock_bsp/\libhal_bsp.a(alt_irq_handler.o)
                              ../alarm_clock_bsp/\libhal_bsp.a(alt_irq_register.o) (alt_irq_handler)
../alarm_clock_bsp/\libhal_bsp.a(altera_nios2_gen2_irq.o)
                              ../alarm_clock_bsp/\libhal_bsp.a(alt_sys_init.o) (altera_nios2_gen2_irq_init)
../alarm_clock_bsp/\libhal_bsp.a(alt_exception_entry.o)
                              ../alarm_clock_bsp/\libhal_bsp.a(alt_irq_entry.o) (alt_exception)
../alarm_clock_bsp/\libhal_bsp.a(alt_instruction_exception_entry.o)
                              ../alarm_clock_bsp/\libhal_bsp.a(alt_exception_entry.o) (alt_instruction_exception_entry)
c:/intelfpga_lite/18.1/nios2eds/bin/gnu/h-x86_64-mingw32/bin/../lib/gcc/nios2-elf/5.3.0/../../../../../H-x86_64-mingw32/nios2-elf/lib/mno-hw-mul\libsmallc.a(lib_a-strlen.o)
                              ../alarm_clock_bsp/\libhal_bsp.a(alt_putstr.o) (strlen)

Allocating common symbols
Common symbol       size              file

alt_irq             0x100             ../alarm_clock_bsp/\libhal_bsp.a(alt_irq_handler.o)

Memory Configuration

Name             Origin             Length             Attributes
reset            0x0000000000001000 0x0000000000000020
RAM              0x0000000000001020 0x0000000000000fe0
*default*        0x0000000000000000 0xffffffffffffffff

Linker script and memory map

LOAD ../alarm_clock_bsp//obj/HAL/src/crt0.o
LOAD obj/default/hello_world_small.o
LOAD c:/intelfpga_lite/18.1/nios2eds/bin/gnu/h-x86_64-mingw32/bin/../lib/gcc/nios2-elf/5.3.0/../../../../../H-x86_64-mingw32/nios2-elf/lib/mno-hw-mul\libstdc++.a
LOAD c:/intelfpga_lite/18.1/nios2eds/bin/gnu/h-x86_64-mingw32/bin/../lib/gcc/nios2-elf/5.3.0/../../../../../H-x86_64-mingw32/nios2-elf/lib/mno-hw-mul\libm.a
LOAD c:/intelfpga_lite/18.1/nios2eds/bin/gnu/h-x86_64-mingw32/bin/../lib/gcc/nios2-elf/5.3.0/mno-hw-mul\libgcc.a
START GROUP
LOAD c:/intelfpga_lite/18.1/nios2eds/bin/gnu/h-x86_64-mingw32/bin/../lib/gcc/nios2-elf/5.3.0/../../../../../H-x86_64-mingw32/nios2-elf/lib/mno-hw-mul\libsmallc.a
LOAD c:/intelfpga_lite/18.1/nios2eds/bin/gnu/h-x86_64-mingw32/bin/../lib/gcc/nios2-elf/5.3.0/mno-hw-mul\libgcc.a
LOAD ../alarm_clock_bsp/\libhal_bsp.a
LOAD c:/intelfpga_lite/18.1/nios2eds/bin/gnu/h-x86_64-mingw32/bin/../lib/gcc/nios2-elf/5.3.0/../../../../../H-x86_64-mingw32/nios2-elf/lib/mno-hw-mul\libm.a
END GROUP
LOAD c:/intelfpga_lite/18.1/nios2eds/bin/gnu/h-x86_64-mingw32/bin/../lib/gcc/nios2-elf/5.3.0/mno-hw-mul\libgcc.a
                0x0000000000001000                __alt_mem_RAM = 0x1000

.entry          0x0000000000001000       0x20
 *(.entry)
 .entry         0x0000000000001000       0x20 ../alarm_clock_bsp//obj/HAL/src/crt0.o
                0x0000000000001000                __reset
                0x000000000000100c                _exit

.exceptions     0x0000000000001020      0x160
                0x0000000000001020                PROVIDE (__ram_exceptions_start, ABSOLUTE (.))
                0x0000000000001020                . = ALIGN (0x20)
 *(.irq)
 *(.exceptions.entry.label)
 .exceptions.entry.label
                0x0000000000001020        0x0 ../alarm_clock_bsp/\libhal_bsp.a(alt_irq_entry.o)
                0x0000000000001020                alt_irq_entry
 .exceptions.entry.label
                0x0000000000001020        0x0 ../alarm_clock_bsp/\libhal_bsp.a(alt_exception_entry.o)
                0x0000000000001020                alt_exception
 *(.exceptions.entry.user)
 *(.exceptions.entry.ecc_fatal)
 *(.exceptions.entry)
 .exceptions.entry
                0x0000000000001020       0x54 ../alarm_clock_bsp/\libhal_bsp.a(alt_exception_entry.o)
 *(.exceptions.irqtest.user)
 *(.exceptions.irqtest)
 .exceptions.irqtest
                0x0000000000001074       0x10 ../alarm_clock_bsp/\libhal_bsp.a(alt_irq_entry.o)
 *(.exceptions.irqhandler.user)
 *(.exceptions.irqhandler)
 .exceptions.irqhandler
                0x0000000000001084        0x4 ../alarm_clock_bsp/\libhal_bsp.a(alt_irq_entry.o)
 *(.exceptions.irqreturn.user)
 *(.exceptions.irqreturn)
 .exceptions.irqreturn
                0x0000000000001088        0x4 ../alarm_clock_bsp/\libhal_bsp.a(alt_irq_entry.o)
 *(.exceptions.notirq.label)
 .exceptions.notirq.label
                0x000000000000108c        0x0 ../alarm_clock_bsp/\libhal_bsp.a(alt_irq_entry.o)
 *(.exceptions.notirq.user)
 *(.exceptions.notirq)
 .exceptions.notirq
                0x000000000000108c        0x8 ../alarm_clock_bsp/\libhal_bsp.a(alt_exception_entry.o)
 *(.exceptions.soft.user)
 *(.exceptions.soft)
 *(.exceptions.unknown.user)
 *(.exceptions.unknown)
 .exceptions.unknown
                0x0000000000001094       0x14 ../alarm_clock_bsp/\libhal_bsp.a(alt_exception_entry.o)
 *(.exceptions.exit.label)
 .exceptions.exit.label
                0x00000000000010a8        0x0 ../alarm_clock_bsp/\libhal_bsp.a(alt_irq_entry.o)
 .exceptions.exit.label
                0x00000000000010a8        0x0 ../alarm_clock_bsp/\libhal_bsp.a(alt_exception_entry.o)
 *(.exceptions.exit.user)
 *(.exceptions.exit)
 .exceptions.exit
                0x00000000000010a8       0x54 ../alarm_clock_bsp/\libhal_bsp.a(alt_exception_entry.o)
 *(.exceptions)
 .exceptions    0x00000000000010fc       0x60 ../alarm_clock_bsp/\libhal_bsp.a(alt_irq_handler.o)
                0x00000000000010fc                alt_irq_handler
 .exceptions    0x000000000000115c       0x24 ../alarm_clock_bsp/\libhal_bsp.a(alt_instruction_exception_entry.o)
                0x000000000000115c                alt_instruction_exception_entry
                0x0000000000001180                PROVIDE (__ram_exceptions_end, ABSOLUTE (.))
                0x0000000000001020                PROVIDE (__flash_exceptions_start, LOADADDR (.exceptions))

.text           0x0000000000001180      0x8f4
                [!provide]                        PROVIDE (stext, ABSOLUTE (.))
 *(.interp)
 *(.hash)
 *(.dynsym)
 *(.dynstr)
 *(.gnu.version)
 *(.gnu.version_d)
 *(.gnu.version_r)
 *(.rel.init)
 *(.rela.init)
 *(.rel.text .rel.text.* .rel.gnu.linkonce.t.*)
 *(.rela.text .rela.text.* .rela.gnu.linkonce.t.*)
 *(.rel.fini)
 *(.rela.fini)
 *(.rel.rodata .rel.rodata.* .rel.gnu.linkonce.r.*)
 *(.rela.rodata .rela.rodata.* .rela.gnu.linkonce.r.*)
 *(.rel.data .rel.data.* .rel.gnu.linkonce.d.*)
 *(.rela.data .rela.data.* .rela.gnu.linkonce.d.*)
 *(.rel.tdata .rel.tdata.* .rel.gnu.linkonce.td.*)
 *(.rela.tdata .rela.tdata.* .rela.gnu.linkonce.td.*)
 *(.rel.tbss .rel.tbss.* .rel.gnu.linkonce.tb.*)
 *(.rela.tbss .rela.tbss.* .rela.gnu.linkonce.tb.*)
 *(.rel.ctors)
 *(.rela.ctors)
 *(.rel.dtors)
 *(.rela.dtors)
 *(.rel.got)
 *(.rela.got)
 *(.rel.sdata .rel.sdata.* .rel.gnu.linkonce.s.*)
 *(.rela.sdata .rela.sdata.* .rela.gnu.linkonce.s.*)
 *(.rel.sbss .rel.sbss.* .rel.gnu.linkonce.sb.*)
 *(.rela.sbss .rela.sbss.* .rela.gnu.linkonce.sb.*)
 *(.rel.sdata2 .rel.sdata2.* .rel.gnu.linkonce.s2.*)
 *(.rela.sdata2 .rela.sdata2.* .rela.gnu.linkonce.s2.*)
 *(.rel.sbss2 .rel.sbss2.* .rel.gnu.linkonce.sb2.*)
 *(.rela.sbss2 .rela.sbss2.* .rela.gnu.linkonce.sb2.*)
 *(.rel.bss .rel.bss.* .rel.gnu.linkonce.b.*)
 *(.rela.bss .rela.bss.* .rela.gnu.linkonce.b.*)
 *(.rel.plt)
 *(.rela.plt)
 *(.rel.dyn)
 *(.init)
 *(.plt)
 *(.text .stub .text.* .gnu.linkonce.t.*)
 .text          0x0000000000001180       0x3c ../alarm_clock_bsp//obj/HAL/src/crt0.o
                0x0000000000001180                _start
 .text          0x00000000000011bc      0x230 obj/default/hello_world_small.o
                0x00000000000011bc                add_second
                0x000000000000121c                display_hour
                0x0000000000001358                init_values
                0x0000000000001394                set_value
 .text.startup  0x00000000000013ec       0x38 obj/default/hello_world_small.o
                0x00000000000013ec                main
 .text          0x0000000000001424      0x1b4 c:/intelfpga_lite/18.1/nios2eds/bin/gnu/h-x86_64-mingw32/bin/../lib/gcc/nios2-elf/5.3.0/mno-hw-mul\libgcc.a(lib2-divmod.o)
                0x0000000000001424                __divsi3
                0x00000000000014a8                __modsi3
                0x000000000000151c                __udivsi3
                0x0000000000001580                __umodsi3
 .text          0x00000000000015d8       0x94 ../alarm_clock_bsp/\libhal_bsp.a(alt_irq_register.o)
                0x00000000000015d8                alt_irq_register
 .text          0x000000000000166c        0x0 ../alarm_clock_bsp/\libhal_bsp.a(alt_irq_vars.o)
 .text          0x000000000000166c       0xe0 ../alarm_clock_bsp/\libhal_bsp.a(alt_load.o)
                0x000000000000166c                alt_load
 .text          0x000000000000174c       0x2c ../alarm_clock_bsp/\libhal_bsp.a(alt_main.o)
                0x000000000000174c                alt_main
 .text          0x0000000000001778      0x170 ../alarm_clock_bsp/\libhal_bsp.a(alt_printf.o)
                0x0000000000001778                alt_printf
 .text          0x00000000000018e8       0x48 ../alarm_clock_bsp/\libhal_bsp.a(alt_putchar.o)
                0x00000000000018e8                alt_putchar
 .text          0x0000000000001930       0x38 ../alarm_clock_bsp/\libhal_bsp.a(alt_putstr.o)
                0x0000000000001930                alt_putstr
 .text          0x0000000000001968       0x38 ../alarm_clock_bsp/\libhal_bsp.a(alt_sys_init.o)
                0x0000000000001968                alt_irq_init
                0x0000000000001988                alt_sys_init
 .text          0x00000000000019a0       0x34 ../alarm_clock_bsp/\libhal_bsp.a(altera_avalon_jtag_uart_write.o)
                0x00000000000019a0                altera_avalon_jtag_uart_write
 .text          0x00000000000019d4        0x0 ../alarm_clock_bsp/\libhal_bsp.a(altera_avalon_timer_vars.o)
 .text          0x00000000000019d4        0x4 ../alarm_clock_bsp/\libhal_bsp.a(alt_dcache_flush_all.o)
                0x00000000000019d4                alt_dcache_flush_all
 .text          0x00000000000019d8        0x4 ../alarm_clock_bsp/\libhal_bsp.a(alt_icache_flush_all.o)
                0x00000000000019d8                alt_icache_flush_all
 .text          0x00000000000019dc        0x0 ../alarm_clock_bsp/\libhal_bsp.a(alt_irq_entry.o)
 .text          0x00000000000019dc        0x0 ../alarm_clock_bsp/\libhal_bsp.a(alt_irq_handler.o)
 .text          0x00000000000019dc        0x8 ../alarm_clock_bsp/\libhal_bsp.a(altera_nios2_gen2_irq.o)
                0x00000000000019dc                altera_nios2_gen2_irq_init
 .text          0x00000000000019e4        0x0 ../alarm_clock_bsp/\libhal_bsp.a(alt_exception_entry.o)
 .text          0x00000000000019e4       0x74 ../alarm_clock_bsp/\libhal_bsp.a(alt_instruction_exception_entry.o)
                0x00000000000019e4                alt_exception_cause_generated_bad_addr
 .text          0x0000000000001a58        0x0 c:/intelfpga_lite/18.1/nios2eds/bin/gnu/h-x86_64-mingw32/bin/../lib/gcc/nios2-elf/5.3.0/../../../../../H-x86_64-mingw32/nios2-elf/lib/mno-hw-mul\libsmallc.a(lib_a-strlen.o)
 .text.strlen   0x0000000000001a58       0x1c c:/intelfpga_lite/18.1/nios2eds/bin/gnu/h-x86_64-mingw32/bin/../lib/gcc/nios2-elf/5.3.0/../../../../../H-x86_64-mingw32/nios2-elf/lib/mno-hw-mul\libsmallc.a(lib_a-strlen.o)
                0x0000000000001a58                strlen
 *(.gnu.warning.*)
 *(.fini)
                [!provide]                        PROVIDE (__etext, ABSOLUTE (.))
                [!provide]                        PROVIDE (_etext, ABSOLUTE (.))
                [!provide]                        PROVIDE (etext, ABSOLUTE (.))
 *(.eh_frame_hdr)
                0x0000000000001a74                . = ALIGN (0x4)
                [!provide]                        PROVIDE (__preinit_array_start, ABSOLUTE (.))
 *(.preinit_array)
                [!provide]                        PROVIDE (__preinit_array_end, ABSOLUTE (.))
                [!provide]                        PROVIDE (__init_array_start, ABSOLUTE (.))
 *(.init_array)
                [!provide]                        PROVIDE (__init_array_end, ABSOLUTE (.))
                [!provide]                        PROVIDE (__fini_array_start, ABSOLUTE (.))
 *(.fini_array)
                [!provide]                        PROVIDE (__fini_array_end, ABSOLUTE (.))
 *(.eh_frame)
 *(.gcc_except_table .gcc_except_table.*)
 *(.dynamic)
                [!provide]                        PROVIDE (__CTOR_LIST__, ABSOLUTE (.))
 *(.ctors)
 *(SORT(.ctors.*))
                [!provide]                        PROVIDE (__CTOR_END__, ABSOLUTE (.))
                [!provide]                        PROVIDE (__DTOR_LIST__, ABSOLUTE (.))
 *(.dtors)
 *(SORT(.dtors.*))
                [!provide]                        PROVIDE (__DTOR_END__, ABSOLUTE (.))
 *(.jcr)
                0x0000000000001a74                . = ALIGN (0x4)

.rodata         0x0000000000001a74       0x34
                0x0000000000001a74                PROVIDE (__ram_rodata_start, ABSOLUTE (.))
                0x0000000000001a74                . = ALIGN (0x4)
 *(.rodata .rodata.* .gnu.linkonce.r.*)
 .rodata.str1.4
                0x0000000000001a74       0x34 obj/default/hello_world_small.o
 *(.rodata1)
                0x0000000000001aa8                . = ALIGN (0x4)
                0x0000000000001aa8                PROVIDE (__ram_rodata_end, ABSOLUTE (.))
                0x0000000000001a74                PROVIDE (__flash_rodata_start, LOADADDR (.rodata))

.rwdata         0x0000000000001aa8       0x40 load address 0x0000000000001ae8
                0x0000000000001aa8                PROVIDE (__ram_rwdata_start, ABSOLUTE (.))
                0x0000000000001aa8                . = ALIGN (0x4)
 *(.got.plt)
 *(.got)
 *(.data1)
 *(.data .data.* .gnu.linkonce.d.*)
 .data          0x0000000000001aa8        0x0 ../alarm_clock_bsp//obj/HAL/src/crt0.o
 .data          0x0000000000001aa8        0x0 obj/default/hello_world_small.o
 .data          0x0000000000001aa8        0x0 c:/intelfpga_lite/18.1/nios2eds/bin/gnu/h-x86_64-mingw32/bin/../lib/gcc/nios2-elf/5.3.0/mno-hw-mul\libgcc.a(lib2-divmod.o)
 .data          0x0000000000001aa8        0x0 ../alarm_clock_bsp/\libhal_bsp.a(alt_irq_register.o)
 .data          0x0000000000001aa8        0x0 ../alarm_clock_bsp/\libhal_bsp.a(alt_irq_vars.o)
 .data          0x0000000000001aa8        0x0 ../alarm_clock_bsp/\libhal_bsp.a(alt_load.o)
 .data          0x0000000000001aa8        0x0 ../alarm_clock_bsp/\libhal_bsp.a(alt_main.o)
 .data          0x0000000000001aa8        0x0 ../alarm_clock_bsp/\libhal_bsp.a(alt_printf.o)
 .data          0x0000000000001aa8        0x0 ../alarm_clock_bsp/\libhal_bsp.a(alt_putchar.o)
 .data          0x0000000000001aa8        0x0 ../alarm_clock_bsp/\libhal_bsp.a(alt_putstr.o)
 .data          0x0000000000001aa8        0x0 ../alarm_clock_bsp/\libhal_bsp.a(alt_sys_init.o)
 .data          0x0000000000001aa8        0x0 ../alarm_clock_bsp/\libhal_bsp.a(altera_avalon_jtag_uart_write.o)
 .data          0x0000000000001aa8        0x0 ../alarm_clock_bsp/\libhal_bsp.a(altera_avalon_timer_vars.o)
 .data          0x0000000000001aa8        0x0 ../alarm_clock_bsp/\libhal_bsp.a(alt_dcache_flush_all.o)
 .data          0x0000000000001aa8        0x0 ../alarm_clock_bsp/\libhal_bsp.a(alt_icache_flush_all.o)
 .data          0x0000000000001aa8        0x0 ../alarm_clock_bsp/\libhal_bsp.a(alt_irq_entry.o)
 .data          0x0000000000001aa8        0x0 ../alarm_clock_bsp/\libhal_bsp.a(alt_irq_handler.o)
 .data          0x0000000000001aa8        0x0 ../alarm_clock_bsp/\libhal_bsp.a(altera_nios2_gen2_irq.o)
 .data          0x0000000000001aa8        0x0 ../alarm_clock_bsp/\libhal_bsp.a(alt_exception_entry.o)
 .data          0x0000000000001aa8        0x0 ../alarm_clock_bsp/\libhal_bsp.a(alt_instruction_exception_entry.o)
 .data          0x0000000000001aa8        0x0 c:/intelfpga_lite/18.1/nios2eds/bin/gnu/h-x86_64-mingw32/bin/../lib/gcc/nios2-elf/5.3.0/../../../../../H-x86_64-mingw32/nios2-elf/lib/mno-hw-mul\libsmallc.a(lib_a-strlen.o)
                0x0000000000009aa8                _gp = ABSOLUTE ((. + 0x8000))
                [!provide]                        PROVIDE (gp, _gp)
 *(.rwdata .rwdata.*)
 *(.sdata .sdata.* .gnu.linkonce.s.*)
 .sdata         0x0000000000001aa8       0x38 obj/default/hello_world_small.o
                0x0000000000001aa8                timer_base_ptr
                0x0000000000001aac                alarm
                0x0000000000001ab4                alarm_ptr
                0x0000000000001ab8                down_ptr
                0x0000000000001abc                up_ptr
                0x0000000000001ac0                set_clock_ptr
                0x0000000000001ac4                set_alarm_ptr
                0x0000000000001ac8                s0_ptr
                0x0000000000001acc                s1_ptr
                0x0000000000001ad0                m0_ptr
                0x0000000000001ad4                m1_ptr
                0x0000000000001ad8                h0_ptr
                0x0000000000001adc                h1_ptr
 .sdata         0x0000000000001ae0        0x4 ../alarm_clock_bsp/\libhal_bsp.a(alt_irq_vars.o)
                0x0000000000001ae0                alt_priority_mask
 .sdata         0x0000000000001ae4        0x4 ../alarm_clock_bsp/\libhal_bsp.a(alt_sys_init.o)
                0x0000000000001ae4                UART
 *(.sdata2 .sdata2.* .gnu.linkonce.s2.*)
                0x0000000000001ae8                . = ALIGN (0x4)
                0x0000000000001ae8                _edata = ABSOLUTE (.)
                [!provide]                        PROVIDE (edata, ABSOLUTE (.))
                0x0000000000001ae8                PROVIDE (__ram_rwdata_end, ABSOLUTE (.))
                0x0000000000001ae8                PROVIDE (__flash_rwdata_start, LOADADDR (.rwdata))

.bss            0x0000000000001b28      0x124
                0x0000000000001b28                __bss_start = ABSOLUTE (.)
                [!provide]                        PROVIDE (__sbss_start, ABSOLUTE (.))
                [!provide]                        PROVIDE (___sbss_start, ABSOLUTE (.))
 *(.dynsbss)
 *(.sbss .sbss.* .gnu.linkonce.sb.*)
 .sbss          0x0000000000001b28        0x8 obj/default/hello_world_small.o
                0x0000000000001b28                is_activated
                0x0000000000001b2a                hour
 .sbss          0x0000000000001b30        0x4 ../alarm_clock_bsp/\libhal_bsp.a(alt_irq_vars.o)
                0x0000000000001b30                alt_irq_active
 .sbss          0x0000000000001b34        0xc ../alarm_clock_bsp/\libhal_bsp.a(alt_main.o)
                0x0000000000001b34                alt_envp
                0x0000000000001b38                alt_argv
                0x0000000000001b3c                alt_argc
 .sbss          0x0000000000001b40        0x8 ../alarm_clock_bsp/\libhal_bsp.a(altera_avalon_timer_vars.o)
                0x0000000000001b40                altera_avalon_timer_ts_freq
                0x0000000000001b44                altera_avalon_timer_ts_base
 .sbss          0x0000000000001b48        0x4 ../alarm_clock_bsp/\libhal_bsp.a(alt_instruction_exception_entry.o)
                0x0000000000001b48                alt_instruction_exception_handler
 *(.sbss2 .sbss2.* .gnu.linkonce.sb2.*)
 *(.scommon)
                [!provide]                        PROVIDE (__sbss_end, ABSOLUTE (.))
                [!provide]                        PROVIDE (___sbss_end, ABSOLUTE (.))
 *(.dynbss)
 *(.bss .bss.* .gnu.linkonce.b.*)
 .bss           0x0000000000001b4c        0x0 ../alarm_clock_bsp//obj/HAL/src/crt0.o
 .bss           0x0000000000001b4c        0x0 obj/default/hello_world_small.o
 .bss           0x0000000000001b4c        0x0 c:/intelfpga_lite/18.1/nios2eds/bin/gnu/h-x86_64-mingw32/bin/../lib/gcc/nios2-elf/5.3.0/mno-hw-mul\libgcc.a(lib2-divmod.o)
 .bss           0x0000000000001b4c        0x0 ../alarm_clock_bsp/\libhal_bsp.a(alt_irq_register.o)
 .bss           0x0000000000001b4c        0x0 ../alarm_clock_bsp/\libhal_bsp.a(alt_irq_vars.o)
 .bss           0x0000000000001b4c        0x0 ../alarm_clock_bsp/\libhal_bsp.a(alt_load.o)
 .bss           0x0000000000001b4c        0x0 ../alarm_clock_bsp/\libhal_bsp.a(alt_main.o)
 .bss           0x0000000000001b4c        0x0 ../alarm_clock_bsp/\libhal_bsp.a(alt_printf.o)
 .bss           0x0000000000001b4c        0x0 ../alarm_clock_bsp/\libhal_bsp.a(alt_putchar.o)
 .bss           0x0000000000001b4c        0x0 ../alarm_clock_bsp/\libhal_bsp.a(alt_putstr.o)
 .bss           0x0000000000001b4c        0x0 ../alarm_clock_bsp/\libhal_bsp.a(alt_sys_init.o)
 .bss           0x0000000000001b4c        0x0 ../alarm_clock_bsp/\libhal_bsp.a(altera_avalon_jtag_uart_write.o)
 .bss           0x0000000000001b4c        0x0 ../alarm_clock_bsp/\libhal_bsp.a(altera_avalon_timer_vars.o)
 .bss           0x0000000000001b4c        0x0 ../alarm_clock_bsp/\libhal_bsp.a(alt_dcache_flush_all.o)
 .bss           0x0000000000001b4c        0x0 ../alarm_clock_bsp/\libhal_bsp.a(alt_icache_flush_all.o)
 .bss           0x0000000000001b4c        0x0 ../alarm_clock_bsp/\libhal_bsp.a(alt_irq_entry.o)
 .bss           0x0000000000001b4c        0x0 ../alarm_clock_bsp/\libhal_bsp.a(alt_irq_handler.o)
 .bss           0x0000000000001b4c        0x0 ../alarm_clock_bsp/\libhal_bsp.a(altera_nios2_gen2_irq.o)
 .bss           0x0000000000001b4c        0x0 ../alarm_clock_bsp/\libhal_bsp.a(alt_exception_entry.o)
 .bss           0x0000000000001b4c        0x0 ../alarm_clock_bsp/\libhal_bsp.a(alt_instruction_exception_entry.o)
 .bss           0x0000000000001b4c        0x0 c:/intelfpga_lite/18.1/nios2eds/bin/gnu/h-x86_64-mingw32/bin/../lib/gcc/nios2-elf/5.3.0/../../../../../H-x86_64-mingw32/nios2-elf/lib/mno-hw-mul\libsmallc.a(lib_a-strlen.o)
 *(COMMON)
 COMMON         0x0000000000001b4c      0x100 ../alarm_clock_bsp/\libhal_bsp.a(alt_irq_handler.o)
                0x0000000000001b4c                alt_irq
                0x0000000000001c4c                . = ALIGN (0x4)
                0x0000000000001c4c                __bss_end = ABSOLUTE (.)

.RAM            0x0000000000001c4c        0x0
                [!provide]                        PROVIDE (_alt_partition_RAM_start, ABSOLUTE (.))
 *(.RAM .RAM. RAM.*)
                0x0000000000001c4c                . = ALIGN (0x4)
                [!provide]                        PROVIDE (_alt_partition_RAM_end, ABSOLUTE (.))
                0x0000000000001c4c                _end = ABSOLUTE (.)
                0x0000000000001c4c                end = ABSOLUTE (.)
                0x0000000000001c4c                __alt_stack_base = ABSOLUTE (.)
                [!provide]                        PROVIDE (_alt_partition_RAM_load_addr, LOADADDR (.RAM))

.stab
 *(.stab)

.stabstr
 *(.stabstr)

.stab.excl
 *(.stab.excl)

.stab.exclstr
 *(.stab.exclstr)

.stab.index
 *(.stab.index)

.stab.indexstr
 *(.stab.indexstr)

.comment        0x0000000000000000       0x23
 *(.comment)
 .comment       0x0000000000000000       0x23 obj/default/hello_world_small.o
                                         0x24 (size before relaxing)
 .comment       0x0000000000000023       0x24 c:/intelfpga_lite/18.1/nios2eds/bin/gnu/h-x86_64-mingw32/bin/../lib/gcc/nios2-elf/5.3.0/mno-hw-mul\libgcc.a(lib2-divmod.o)
 .comment       0x0000000000000023       0x24 ../alarm_clock_bsp/\libhal_bsp.a(alt_irq_register.o)
 .comment       0x0000000000000023       0x24 ../alarm_clock_bsp/\libhal_bsp.a(alt_irq_vars.o)
 .comment       0x0000000000000023       0x24 ../alarm_clock_bsp/\libhal_bsp.a(alt_load.o)
 .comment       0x0000000000000023       0x24 ../alarm_clock_bsp/\libhal_bsp.a(alt_main.o)
 .comment       0x0000000000000023       0x24 ../alarm_clock_bsp/\libhal_bsp.a(alt_printf.o)
 .comment       0x0000000000000023       0x24 ../alarm_clock_bsp/\libhal_bsp.a(alt_putchar.o)
 .comment       0x0000000000000023       0x24 ../alarm_clock_bsp/\libhal_bsp.a(alt_putstr.o)
 .comment       0x0000000000000023       0x24 ../alarm_clock_bsp/\libhal_bsp.a(alt_sys_init.o)
 .comment       0x0000000000000023       0x24 ../alarm_clock_bsp/\libhal_bsp.a(altera_avalon_jtag_uart_write.o)
 .comment       0x0000000000000023       0x24 ../alarm_clock_bsp/\libhal_bsp.a(altera_avalon_timer_vars.o)
 .comment       0x0000000000000023       0x24 ../alarm_clock_bsp/\libhal_bsp.a(alt_dcache_flush_all.o)
 .comment       0x0000000000000023       0x24 ../alarm_clock_bsp/\libhal_bsp.a(alt_icache_flush_all.o)
 .comment       0x0000000000000023       0x24 ../alarm_clock_bsp/\libhal_bsp.a(alt_irq_handler.o)
 .comment       0x0000000000000023       0x24 ../alarm_clock_bsp/\libhal_bsp.a(altera_nios2_gen2_irq.o)
 .comment       0x0000000000000023       0x24 ../alarm_clock_bsp/\libhal_bsp.a(alt_instruction_exception_entry.o)
 .comment       0x0000000000000023       0x24 c:/intelfpga_lite/18.1/nios2eds/bin/gnu/h-x86_64-mingw32/bin/../lib/gcc/nios2-elf/5.3.0/../../../../../H-x86_64-mingw32/nios2-elf/lib/mno-hw-mul\libsmallc.a(lib_a-strlen.o)

.debug
 *(.debug)

.line
 *(.line)

.debug_srcinfo
 *(.debug_srcinfo)

.debug_sfnames
 *(.debug_sfnames)

.debug_aranges  0x0000000000000000      0x2d0
 *(.debug_aranges)
 .debug_aranges
                0x0000000000000000       0x28 ../alarm_clock_bsp//obj/HAL/src/crt0.o
 .debug_aranges
                0x0000000000000028       0x28 obj/default/hello_world_small.o
 .debug_aranges
                0x0000000000000050       0x20 c:/intelfpga_lite/18.1/nios2eds/bin/gnu/h-x86_64-mingw32/bin/../lib/gcc/nios2-elf/5.3.0/mno-hw-mul\libgcc.a(lib2-divmod.o)
 .debug_aranges
                0x0000000000000070       0x20 ../alarm_clock_bsp/\libhal_bsp.a(alt_irq_register.o)
 .debug_aranges
                0x0000000000000090       0x18 ../alarm_clock_bsp/\libhal_bsp.a(alt_irq_vars.o)
 .debug_aranges
                0x00000000000000a8       0x20 ../alarm_clock_bsp/\libhal_bsp.a(alt_load.o)
 .debug_aranges
                0x00000000000000c8       0x20 ../alarm_clock_bsp/\libhal_bsp.a(alt_main.o)
 .debug_aranges
                0x00000000000000e8       0x20 ../alarm_clock_bsp/\libhal_bsp.a(alt_printf.o)
 .debug_aranges
                0x0000000000000108       0x20 ../alarm_clock_bsp/\libhal_bsp.a(alt_putchar.o)
 .debug_aranges
                0x0000000000000128       0x20 ../alarm_clock_bsp/\libhal_bsp.a(alt_putstr.o)
 .debug_aranges
                0x0000000000000148       0x20 ../alarm_clock_bsp/\libhal_bsp.a(alt_sys_init.o)
 .debug_aranges
                0x0000000000000168       0x20 ../alarm_clock_bsp/\libhal_bsp.a(altera_avalon_jtag_uart_write.o)
 .debug_aranges
                0x0000000000000188       0x18 ../alarm_clock_bsp/\libhal_bsp.a(altera_avalon_timer_vars.o)
 .debug_aranges
                0x00000000000001a0       0x20 ../alarm_clock_bsp/\libhal_bsp.a(alt_dcache_flush_all.o)
 .debug_aranges
                0x00000000000001c0       0x20 ../alarm_clock_bsp/\libhal_bsp.a(alt_icache_flush_all.o)
 .debug_aranges
                0x00000000000001e0       0x30 ../alarm_clock_bsp/\libhal_bsp.a(alt_irq_entry.o)
 .debug_aranges
                0x0000000000000210       0x20 ../alarm_clock_bsp/\libhal_bsp.a(alt_irq_handler.o)
 .debug_aranges
                0x0000000000000230       0x20 ../alarm_clock_bsp/\libhal_bsp.a(altera_nios2_gen2_irq.o)
 .debug_aranges
                0x0000000000000250       0x38 ../alarm_clock_bsp/\libhal_bsp.a(alt_exception_entry.o)
 .debug_aranges
                0x0000000000000288       0x28 ../alarm_clock_bsp/\libhal_bsp.a(alt_instruction_exception_entry.o)
 .debug_aranges
                0x00000000000002b0       0x20 c:/intelfpga_lite/18.1/nios2eds/bin/gnu/h-x86_64-mingw32/bin/../lib/gcc/nios2-elf/5.3.0/../../../../../H-x86_64-mingw32/nios2-elf/lib/mno-hw-mul\libsmallc.a(lib_a-strlen.o)

.debug_pubnames
 *(.debug_pubnames)

.debug_info     0x0000000000000000     0x1e02
 *(.debug_info .gnu.linkonce.wi.*)
 .debug_info    0x0000000000000000       0xbc ../alarm_clock_bsp//obj/HAL/src/crt0.o
 .debug_info    0x00000000000000bc      0x460 obj/default/hello_world_small.o
 .debug_info    0x000000000000051c      0x2c6 c:/intelfpga_lite/18.1/nios2eds/bin/gnu/h-x86_64-mingw32/bin/../lib/gcc/nios2-elf/5.3.0/mno-hw-mul\libgcc.a(lib2-divmod.o)
 .debug_info    0x00000000000007e2      0x308 ../alarm_clock_bsp/\libhal_bsp.a(alt_irq_register.o)
 .debug_info    0x0000000000000aea       0x88 ../alarm_clock_bsp/\libhal_bsp.a(alt_irq_vars.o)
 .debug_info    0x0000000000000b72      0x1c9 ../alarm_clock_bsp/\libhal_bsp.a(alt_load.o)
 .debug_info    0x0000000000000d3b      0x169 ../alarm_clock_bsp/\libhal_bsp.a(alt_main.o)
 .debug_info    0x0000000000000ea4      0x14d ../alarm_clock_bsp/\libhal_bsp.a(alt_printf.o)
 .debug_info    0x0000000000000ff1      0x12a ../alarm_clock_bsp/\libhal_bsp.a(alt_putchar.o)
 .debug_info    0x000000000000111b      0x13a ../alarm_clock_bsp/\libhal_bsp.a(alt_putstr.o)
 .debug_info    0x0000000000001255      0x19d ../alarm_clock_bsp/\libhal_bsp.a(alt_sys_init.o)
 .debug_info    0x00000000000013f2      0x197 ../alarm_clock_bsp/\libhal_bsp.a(altera_avalon_jtag_uart_write.o)
 .debug_info    0x0000000000001589       0xe9 ../alarm_clock_bsp/\libhal_bsp.a(altera_avalon_timer_vars.o)
 .debug_info    0x0000000000001672       0x92 ../alarm_clock_bsp/\libhal_bsp.a(alt_dcache_flush_all.o)
 .debug_info    0x0000000000001704       0x92 ../alarm_clock_bsp/\libhal_bsp.a(alt_icache_flush_all.o)
 .debug_info    0x0000000000001796       0xc5 ../alarm_clock_bsp/\libhal_bsp.a(alt_irq_entry.o)
 .debug_info    0x000000000000185b      0x184 ../alarm_clock_bsp/\libhal_bsp.a(alt_irq_handler.o)
 .debug_info    0x00000000000019df       0x92 ../alarm_clock_bsp/\libhal_bsp.a(altera_nios2_gen2_irq.o)
 .debug_info    0x0000000000001a71       0xcb ../alarm_clock_bsp/\libhal_bsp.a(alt_exception_entry.o)
 .debug_info    0x0000000000001b3c      0x1fd ../alarm_clock_bsp/\libhal_bsp.a(alt_instruction_exception_entry.o)
 .debug_info    0x0000000000001d39       0xc9 c:/intelfpga_lite/18.1/nios2eds/bin/gnu/h-x86_64-mingw32/bin/../lib/gcc/nios2-elf/5.3.0/../../../../../H-x86_64-mingw32/nios2-elf/lib/mno-hw-mul\libsmallc.a(lib_a-strlen.o)

.debug_abbrev   0x0000000000000000      0xf1e
 *(.debug_abbrev)
 .debug_abbrev  0x0000000000000000       0x12 ../alarm_clock_bsp//obj/HAL/src/crt0.o
 .debug_abbrev  0x0000000000000012      0x203 obj/default/hello_world_small.o
 .debug_abbrev  0x0000000000000215      0x10e c:/intelfpga_lite/18.1/nios2eds/bin/gnu/h-x86_64-mingw32/bin/../lib/gcc/nios2-elf/5.3.0/mno-hw-mul\libgcc.a(lib2-divmod.o)
 .debug_abbrev  0x0000000000000323      0x1a5 ../alarm_clock_bsp/\libhal_bsp.a(alt_irq_register.o)
 .debug_abbrev  0x00000000000004c8       0x40 ../alarm_clock_bsp/\libhal_bsp.a(alt_irq_vars.o)
 .debug_abbrev  0x0000000000000508       0xd8 ../alarm_clock_bsp/\libhal_bsp.a(alt_load.o)
 .debug_abbrev  0x00000000000005e0       0xee ../alarm_clock_bsp/\libhal_bsp.a(alt_main.o)
 .debug_abbrev  0x00000000000006ce       0xd5 ../alarm_clock_bsp/\libhal_bsp.a(alt_printf.o)
 .debug_abbrev  0x00000000000007a3       0xd2 ../alarm_clock_bsp/\libhal_bsp.a(alt_putchar.o)
 .debug_abbrev  0x0000000000000875       0xd3 ../alarm_clock_bsp/\libhal_bsp.a(alt_putstr.o)
 .debug_abbrev  0x0000000000000948      0x10e ../alarm_clock_bsp/\libhal_bsp.a(alt_sys_init.o)
 .debug_abbrev  0x0000000000000a56       0xd5 ../alarm_clock_bsp/\libhal_bsp.a(altera_avalon_jtag_uart_write.o)
 .debug_abbrev  0x0000000000000b2b       0x83 ../alarm_clock_bsp/\libhal_bsp.a(altera_avalon_timer_vars.o)
 .debug_abbrev  0x0000000000000bae       0x42 ../alarm_clock_bsp/\libhal_bsp.a(alt_dcache_flush_all.o)
 .debug_abbrev  0x0000000000000bf0       0x42 ../alarm_clock_bsp/\libhal_bsp.a(alt_icache_flush_all.o)
 .debug_abbrev  0x0000000000000c32       0x12 ../alarm_clock_bsp/\libhal_bsp.a(alt_irq_entry.o)
 .debug_abbrev  0x0000000000000c44      0x120 ../alarm_clock_bsp/\libhal_bsp.a(alt_irq_handler.o)
 .debug_abbrev  0x0000000000000d64       0x42 ../alarm_clock_bsp/\libhal_bsp.a(altera_nios2_gen2_irq.o)
 .debug_abbrev  0x0000000000000da6       0x12 ../alarm_clock_bsp/\libhal_bsp.a(alt_exception_entry.o)
 .debug_abbrev  0x0000000000000db8       0xe7 ../alarm_clock_bsp/\libhal_bsp.a(alt_instruction_exception_entry.o)
 .debug_abbrev  0x0000000000000e9f       0x7f c:/intelfpga_lite/18.1/nios2eds/bin/gnu/h-x86_64-mingw32/bin/../lib/gcc/nios2-elf/5.3.0/../../../../../H-x86_64-mingw32/nios2-elf/lib/mno-hw-mul\libsmallc.a(lib_a-strlen.o)

.debug_line     0x0000000000000000      0xef6
 *(.debug_line)
 .debug_line    0x0000000000000000       0x66 ../alarm_clock_bsp//obj/HAL/src/crt0.o
 .debug_line    0x0000000000000066      0x187 obj/default/hello_world_small.o
 .debug_line    0x00000000000001ed      0x105 c:/intelfpga_lite/18.1/nios2eds/bin/gnu/h-x86_64-mingw32/bin/../lib/gcc/nios2-elf/5.3.0/mno-hw-mul\libgcc.a(lib2-divmod.o)
 .debug_line    0x00000000000002f2       0xed ../alarm_clock_bsp/\libhal_bsp.a(alt_irq_register.o)
 .debug_line    0x00000000000003df       0x50 ../alarm_clock_bsp/\libhal_bsp.a(alt_irq_vars.o)
 .debug_line    0x000000000000042f       0xa4 ../alarm_clock_bsp/\libhal_bsp.a(alt_load.o)
 .debug_line    0x00000000000004d3       0xbd ../alarm_clock_bsp/\libhal_bsp.a(alt_main.o)
 .debug_line    0x0000000000000590      0x112 ../alarm_clock_bsp/\libhal_bsp.a(alt_printf.o)
 .debug_line    0x00000000000006a2       0x55 ../alarm_clock_bsp/\libhal_bsp.a(alt_putchar.o)
 .debug_line    0x00000000000006f7       0xa0 ../alarm_clock_bsp/\libhal_bsp.a(alt_putstr.o)
 .debug_line    0x0000000000000797      0x11b ../alarm_clock_bsp/\libhal_bsp.a(alt_sys_init.o)
 .debug_line    0x00000000000008b2       0xf0 ../alarm_clock_bsp/\libhal_bsp.a(altera_avalon_jtag_uart_write.o)
 .debug_line    0x00000000000009a2       0x8a ../alarm_clock_bsp/\libhal_bsp.a(altera_avalon_timer_vars.o)
 .debug_line    0x0000000000000a2c       0x4e ../alarm_clock_bsp/\libhal_bsp.a(alt_dcache_flush_all.o)
 .debug_line    0x0000000000000a7a       0x4e ../alarm_clock_bsp/\libhal_bsp.a(alt_icache_flush_all.o)
 .debug_line    0x0000000000000ac8       0x6b ../alarm_clock_bsp/\libhal_bsp.a(alt_irq_entry.o)
 .debug_line    0x0000000000000b33       0xa5 ../alarm_clock_bsp/\libhal_bsp.a(alt_irq_handler.o)
 .debug_line    0x0000000000000bd8       0x50 ../alarm_clock_bsp/\libhal_bsp.a(altera_nios2_gen2_irq.o)
 .debug_line    0x0000000000000c28       0xb3 ../alarm_clock_bsp/\libhal_bsp.a(alt_exception_entry.o)
 .debug_line    0x0000000000000cdb       0xbf ../alarm_clock_bsp/\libhal_bsp.a(alt_instruction_exception_entry.o)
 .debug_line    0x0000000000000d9a      0x15c c:/intelfpga_lite/18.1/nios2eds/bin/gnu/h-x86_64-mingw32/bin/../lib/gcc/nios2-elf/5.3.0/../../../../../H-x86_64-mingw32/nios2-elf/lib/mno-hw-mul\libsmallc.a(lib_a-strlen.o)

.debug_frame    0x0000000000000000      0x37c
 *(.debug_frame)
 .debug_frame   0x0000000000000000       0xbc obj/default/hello_world_small.o
 .debug_frame   0x00000000000000bc       0x50 c:/intelfpga_lite/18.1/nios2eds/bin/gnu/h-x86_64-mingw32/bin/../lib/gcc/nios2-elf/5.3.0/mno-hw-mul\libgcc.a(lib2-divmod.o)
 .debug_frame   0x000000000000010c       0x20 ../alarm_clock_bsp/\libhal_bsp.a(alt_irq_register.o)
 .debug_frame   0x000000000000012c       0x30 ../alarm_clock_bsp/\libhal_bsp.a(alt_load.o)
 .debug_frame   0x000000000000015c       0x2c ../alarm_clock_bsp/\libhal_bsp.a(alt_main.o)
 .debug_frame   0x0000000000000188       0x54 ../alarm_clock_bsp/\libhal_bsp.a(alt_printf.o)
 .debug_frame   0x00000000000001dc       0x30 ../alarm_clock_bsp/\libhal_bsp.a(alt_putchar.o)
 .debug_frame   0x000000000000020c       0x30 ../alarm_clock_bsp/\libhal_bsp.a(alt_putstr.o)
 .debug_frame   0x000000000000023c       0x3c ../alarm_clock_bsp/\libhal_bsp.a(alt_sys_init.o)
 .debug_frame   0x0000000000000278       0x20 ../alarm_clock_bsp/\libhal_bsp.a(altera_avalon_jtag_uart_write.o)
 .debug_frame   0x0000000000000298       0x20 ../alarm_clock_bsp/\libhal_bsp.a(alt_dcache_flush_all.o)
 .debug_frame   0x00000000000002b8       0x20 ../alarm_clock_bsp/\libhal_bsp.a(alt_icache_flush_all.o)
 .debug_frame   0x00000000000002d8       0x34 ../alarm_clock_bsp/\libhal_bsp.a(alt_irq_handler.o)
 .debug_frame   0x000000000000030c       0x20 ../alarm_clock_bsp/\libhal_bsp.a(altera_nios2_gen2_irq.o)
 .debug_frame   0x000000000000032c       0x30 ../alarm_clock_bsp/\libhal_bsp.a(alt_instruction_exception_entry.o)
 .debug_frame   0x000000000000035c       0x20 c:/intelfpga_lite/18.1/nios2eds/bin/gnu/h-x86_64-mingw32/bin/../lib/gcc/nios2-elf/5.3.0/../../../../../H-x86_64-mingw32/nios2-elf/lib/mno-hw-mul\libsmallc.a(lib_a-strlen.o)

.debug_str      0x0000000000000000      0xf72
 *(.debug_str)
 .debug_str     0x0000000000000000      0x297 obj/default/hello_world_small.o
                                        0x2f2 (size before relaxing)
 .debug_str     0x0000000000000297      0x187 c:/intelfpga_lite/18.1/nios2eds/bin/gnu/h-x86_64-mingw32/bin/../lib/gcc/nios2-elf/5.3.0/mno-hw-mul\libgcc.a(lib2-divmod.o)
                                        0x1d2 (size before relaxing)
 .debug_str     0x000000000000041e      0x125 ../alarm_clock_bsp/\libhal_bsp.a(alt_irq_register.o)
                                        0x256 (size before relaxing)
 .debug_str     0x0000000000000543       0x17 ../alarm_clock_bsp/\libhal_bsp.a(alt_irq_vars.o)
                                        0x188 (size before relaxing)
 .debug_str     0x000000000000055a      0x177 ../alarm_clock_bsp/\libhal_bsp.a(alt_load.o)
                                        0x266 (size before relaxing)
 .debug_str     0x00000000000006d1       0x5e ../alarm_clock_bsp/\libhal_bsp.a(alt_main.o)
                                        0x203 (size before relaxing)
 .debug_str     0x000000000000072f       0x59 ../alarm_clock_bsp/\libhal_bsp.a(alt_printf.o)
                                        0x130 (size before relaxing)
 .debug_str     0x0000000000000788       0x59 ../alarm_clock_bsp/\libhal_bsp.a(alt_putchar.o)
                                        0x1d4 (size before relaxing)
 .debug_str     0x00000000000007e1       0x1c ../alarm_clock_bsp/\libhal_bsp.a(alt_putstr.o)
                                        0x1d9 (size before relaxing)
 .debug_str     0x00000000000007fd       0xb9 ../alarm_clock_bsp/\libhal_bsp.a(alt_sys_init.o)
                                        0x2a5 (size before relaxing)
 .debug_str     0x00000000000008b6       0x38 ../alarm_clock_bsp/\libhal_bsp.a(altera_avalon_jtag_uart_write.o)
                                        0x263 (size before relaxing)
 .debug_str     0x00000000000008ee       0x27 ../alarm_clock_bsp/\libhal_bsp.a(altera_avalon_timer_vars.o)
                                        0x207 (size before relaxing)
 .debug_str     0x0000000000000915       0x1f ../alarm_clock_bsp/\libhal_bsp.a(alt_dcache_flush_all.o)
                                        0x1a3 (size before relaxing)
 .debug_str     0x0000000000000934       0x1f ../alarm_clock_bsp/\libhal_bsp.a(alt_icache_flush_all.o)
                                        0x1a3 (size before relaxing)
 .debug_str     0x0000000000000953       0x3a ../alarm_clock_bsp/\libhal_bsp.a(alt_irq_handler.o)
                                        0x1e5 (size before relaxing)
 .debug_str     0x000000000000098d       0x20 ../alarm_clock_bsp/\libhal_bsp.a(altera_nios2_gen2_irq.o)
                                        0x1aa (size before relaxing)
 .debug_str     0x00000000000009ad      0x48b ../alarm_clock_bsp/\libhal_bsp.a(alt_instruction_exception_entry.o)
                                        0x5ee (size before relaxing)
 .debug_str     0x0000000000000e38      0x13a c:/intelfpga_lite/18.1/nios2eds/bin/gnu/h-x86_64-mingw32/bin/../lib/gcc/nios2-elf/5.3.0/../../../../../H-x86_64-mingw32/nios2-elf/lib/mno-hw-mul\libsmallc.a(lib_a-strlen.o)
                                        0x1e5 (size before relaxing)

.debug_loc      0x0000000000000000      0xafb
 *(.debug_loc)
 .debug_loc     0x0000000000000000      0x151 obj/default/hello_world_small.o
 .debug_loc     0x0000000000000151      0x4ce c:/intelfpga_lite/18.1/nios2eds/bin/gnu/h-x86_64-mingw32/bin/../lib/gcc/nios2-elf/5.3.0/mno-hw-mul\libgcc.a(lib2-divmod.o)
 .debug_loc     0x000000000000061f       0xfa ../alarm_clock_bsp/\libhal_bsp.a(alt_irq_register.o)
 .debug_loc     0x0000000000000719      0x1de ../alarm_clock_bsp/\libhal_bsp.a(alt_printf.o)
 .debug_loc     0x00000000000008f7       0x2c ../alarm_clock_bsp/\libhal_bsp.a(alt_putchar.o)
 .debug_loc     0x0000000000000923       0x37 ../alarm_clock_bsp/\libhal_bsp.a(alt_putstr.o)
 .debug_loc     0x000000000000095a       0x21 ../alarm_clock_bsp/\libhal_bsp.a(alt_sys_init.o)
 .debug_loc     0x000000000000097b       0x8b ../alarm_clock_bsp/\libhal_bsp.a(altera_avalon_jtag_uart_write.o)
 .debug_loc     0x0000000000000a06       0x72 ../alarm_clock_bsp/\libhal_bsp.a(alt_irq_handler.o)
 .debug_loc     0x0000000000000a78       0x65 ../alarm_clock_bsp/\libhal_bsp.a(alt_instruction_exception_entry.o)
 .debug_loc     0x0000000000000add       0x1e c:/intelfpga_lite/18.1/nios2eds/bin/gnu/h-x86_64-mingw32/bin/../lib/gcc/nios2-elf/5.3.0/../../../../../H-x86_64-mingw32/nios2-elf/lib/mno-hw-mul\libsmallc.a(lib_a-strlen.o)

.debug_macinfo
 *(.debug_macinfo)

.debug_weaknames
 *(.debug_weaknames)

.debug_funcnames
 *(.debug_funcnames)

.debug_typenames
 *(.debug_typenames)

.debug_varnames
 *(.debug_varnames)

.debug_alt_sim_info
                0x0000000000000000       0x10
 *(.debug_alt_sim_info)
 .debug_alt_sim_info
                0x0000000000000000       0x10 ../alarm_clock_bsp//obj/HAL/src/crt0.o
                0x0000000000002000                __alt_data_end = 0x2000
                0x0000000000002000                PROVIDE (__alt_stack_pointer, __alt_data_end)
                [!provide]                        PROVIDE (__alt_stack_limit, __alt_stack_base)
                [!provide]                        PROVIDE (__alt_heap_start, end)
                [!provide]                        PROVIDE (__alt_heap_limit, 0x2000)
OUTPUT(alarm_clock.elf elf32-littlenios2)

.debug_ranges   0x0000000000000000      0x1e8
 .debug_ranges  0x0000000000000000       0x20 ../alarm_clock_bsp//obj/HAL/src/crt0.o
 .debug_ranges  0x0000000000000020       0x78 obj/default/hello_world_small.o
 .debug_ranges  0x0000000000000098       0x60 c:/intelfpga_lite/18.1/nios2eds/bin/gnu/h-x86_64-mingw32/bin/../lib/gcc/nios2-elf/5.3.0/mno-hw-mul\libgcc.a(lib2-divmod.o)
 .debug_ranges  0x00000000000000f8       0x48 ../alarm_clock_bsp/\libhal_bsp.a(alt_load.o)
 .debug_ranges  0x0000000000000140       0x18 ../alarm_clock_bsp/\libhal_bsp.a(alt_printf.o)
 .debug_ranges  0x0000000000000158       0x28 ../alarm_clock_bsp/\libhal_bsp.a(alt_irq_entry.o)
 .debug_ranges  0x0000000000000180       0x10 ../alarm_clock_bsp/\libhal_bsp.a(alt_irq_handler.o)
 .debug_ranges  0x0000000000000190       0x30 ../alarm_clock_bsp/\libhal_bsp.a(alt_exception_entry.o)
 .debug_ranges  0x00000000000001c0       0x18 ../alarm_clock_bsp/\libhal_bsp.a(alt_instruction_exception_entry.o)
 .debug_ranges  0x00000000000001d8       0x10 c:/intelfpga_lite/18.1/nios2eds/bin/gnu/h-x86_64-mingw32/bin/../lib/gcc/nios2-elf/5.3.0/../../../../../H-x86_64-mingw32/nios2-elf/lib/mno-hw-mul\libsmallc.a(lib_a-strlen.o)
