Archive member included to satisfy reference by file (symbol)

d:/intelfpga_lite/18.1/nios2eds/bin/gnu/h-x86_64-mingw32/bin/../lib/gcc/nios2-elf/5.3.0/mno-hw-mul\libgcc.a(lib2-divmod.o)
                              obj/default/hello_world_small.o (__udivsi3)
../alarm_clock_bsp/\libhal_bsp.a(alt_load.o)
                              ../alarm_clock_bsp//obj/HAL/src/crt0.o (alt_load)
../alarm_clock_bsp/\libhal_bsp.a(alt_main.o)
                              ../alarm_clock_bsp//obj/HAL/src/crt0.o (alt_main)
../alarm_clock_bsp/\libhal_bsp.a(alt_printf.o)
                              obj/default/hello_world_small.o (alt_printf)
../alarm_clock_bsp/\libhal_bsp.a(alt_putchar.o)
                              ../alarm_clock_bsp/\libhal_bsp.a(alt_printf.o) (alt_putchar)
../alarm_clock_bsp/\libhal_bsp.a(alt_putstr.o)
                              obj/default/hello_world_small.o (alt_putstr)
../alarm_clock_bsp/\libhal_bsp.a(alt_sys_init.o)
                              ../alarm_clock_bsp/\libhal_bsp.a(alt_main.o) (alt_irq_init)
../alarm_clock_bsp/\libhal_bsp.a(altera_avalon_jtag_uart_write.o)
                              ../alarm_clock_bsp/\libhal_bsp.a(alt_putchar.o) (altera_avalon_jtag_uart_write)
../alarm_clock_bsp/\libhal_bsp.a(alt_dcache_flush_all.o)
                              ../alarm_clock_bsp/\libhal_bsp.a(alt_load.o) (alt_dcache_flush_all)
../alarm_clock_bsp/\libhal_bsp.a(alt_icache_flush_all.o)
                              ../alarm_clock_bsp/\libhal_bsp.a(alt_load.o) (alt_icache_flush_all)
../alarm_clock_bsp/\libhal_bsp.a(altera_nios2_gen2_irq.o)
                              ../alarm_clock_bsp/\libhal_bsp.a(alt_sys_init.o) (altera_nios2_gen2_irq_init)
d:/intelfpga_lite/18.1/nios2eds/bin/gnu/h-x86_64-mingw32/bin/../lib/gcc/nios2-elf/5.3.0/../../../../../H-x86_64-mingw32/nios2-elf/lib/mno-hw-mul\libsmallc.a(lib_a-strlen.o)
                              ../alarm_clock_bsp/\libhal_bsp.a(alt_putstr.o) (strlen)

Allocating common symbols
Common symbol       size              file

alt_irq             0x100             obj/default/hello_world_small.o

Memory Configuration

Name             Origin             Length             Attributes
reset            0x0000000000002000 0x0000000000000020
RAM              0x0000000000002020 0x0000000000001fe0
*default*        0x0000000000000000 0xffffffffffffffff

Linker script and memory map

LOAD ../alarm_clock_bsp//obj/HAL/src/crt0.o
LOAD obj/default/hello_world_small.o
LOAD d:/intelfpga_lite/18.1/nios2eds/bin/gnu/h-x86_64-mingw32/bin/../lib/gcc/nios2-elf/5.3.0/../../../../../H-x86_64-mingw32/nios2-elf/lib/mno-hw-mul\libstdc++.a
LOAD d:/intelfpga_lite/18.1/nios2eds/bin/gnu/h-x86_64-mingw32/bin/../lib/gcc/nios2-elf/5.3.0/../../../../../H-x86_64-mingw32/nios2-elf/lib/mno-hw-mul\libm.a
LOAD d:/intelfpga_lite/18.1/nios2eds/bin/gnu/h-x86_64-mingw32/bin/../lib/gcc/nios2-elf/5.3.0/mno-hw-mul\libgcc.a
START GROUP
LOAD d:/intelfpga_lite/18.1/nios2eds/bin/gnu/h-x86_64-mingw32/bin/../lib/gcc/nios2-elf/5.3.0/../../../../../H-x86_64-mingw32/nios2-elf/lib/mno-hw-mul\libsmallc.a
LOAD d:/intelfpga_lite/18.1/nios2eds/bin/gnu/h-x86_64-mingw32/bin/../lib/gcc/nios2-elf/5.3.0/mno-hw-mul\libgcc.a
LOAD ../alarm_clock_bsp/\libhal_bsp.a
LOAD d:/intelfpga_lite/18.1/nios2eds/bin/gnu/h-x86_64-mingw32/bin/../lib/gcc/nios2-elf/5.3.0/../../../../../H-x86_64-mingw32/nios2-elf/lib/mno-hw-mul\libm.a
END GROUP
LOAD d:/intelfpga_lite/18.1/nios2eds/bin/gnu/h-x86_64-mingw32/bin/../lib/gcc/nios2-elf/5.3.0/mno-hw-mul\libgcc.a
                0x0000000000002000                __alt_mem_RAM = 0x2000

.entry          0x0000000000002000       0x20
 *(.entry)
 .entry         0x0000000000002000       0x20 ../alarm_clock_bsp//obj/HAL/src/crt0.o
                0x0000000000002000                __reset
                0x000000000000200c                _exit

.exceptions     0x0000000000002020      0x114
                0x0000000000002020                PROVIDE (__ram_exceptions_start, ABSOLUTE (.))
                0x0000000000002020                . = ALIGN (0x20)
 *(.irq)
 *(.exceptions.entry.label)
 *(.exceptions.entry.user)
 *(.exceptions.entry.ecc_fatal)
 *(.exceptions.entry)
 *(.exceptions.irqtest.user)
 *(.exceptions.irqtest)
 *(.exceptions.irqhandler.user)
 *(.exceptions.irqhandler)
 *(.exceptions.irqreturn.user)
 *(.exceptions.irqreturn)
 *(.exceptions.notirq.label)
 *(.exceptions.notirq.user)
 *(.exceptions.notirq)
 *(.exceptions.soft.user)
 *(.exceptions.soft)
 *(.exceptions.unknown.user)
 *(.exceptions.unknown)
 *(.exceptions.exit.label)
 *(.exceptions.exit.user)
 *(.exceptions.exit)
 *(.exceptions)
 .exceptions    0x0000000000002020      0x114 obj/default/hello_world_small.o
                0x0000000000002020                the_exception
                0x0000000000002134                PROVIDE (__ram_exceptions_end, ABSOLUTE (.))
                0x0000000000002020                PROVIDE (__flash_exceptions_start, LOADADDR (.exceptions))

.text           0x0000000000002134      0xe94
                [!provide]                        PROVIDE (stext, ABSOLUTE (.))
 *(.interp)
 *(.hash)
 *(.dynsym)
 *(.dynstr)
 *(.gnu.version)
 *(.gnu.version_d)
 *(.gnu.version_r)
 *(.rel.init)
 *(.rela.init)
 *(.rel.text .rel.text.* .rel.gnu.linkonce.t.*)
 *(.rela.text .rela.text.* .rela.gnu.linkonce.t.*)
 *(.rel.fini)
 *(.rela.fini)
 *(.rel.rodata .rel.rodata.* .rel.gnu.linkonce.r.*)
 *(.rela.rodata .rela.rodata.* .rela.gnu.linkonce.r.*)
 *(.rel.data .rel.data.* .rel.gnu.linkonce.d.*)
 *(.rela.data .rela.data.* .rela.gnu.linkonce.d.*)
 *(.rel.tdata .rel.tdata.* .rel.gnu.linkonce.td.*)
 *(.rela.tdata .rela.tdata.* .rela.gnu.linkonce.td.*)
 *(.rel.tbss .rel.tbss.* .rel.gnu.linkonce.tb.*)
 *(.rela.tbss .rela.tbss.* .rela.gnu.linkonce.tb.*)
 *(.rel.ctors)
 *(.rela.ctors)
 *(.rel.dtors)
 *(.rela.dtors)
 *(.rel.got)
 *(.rela.got)
 *(.rel.sdata .rel.sdata.* .rel.gnu.linkonce.s.*)
 *(.rela.sdata .rela.sdata.* .rela.gnu.linkonce.s.*)
 *(.rel.sbss .rel.sbss.* .rel.gnu.linkonce.sb.*)
 *(.rela.sbss .rela.sbss.* .rela.gnu.linkonce.sb.*)
 *(.rel.sdata2 .rel.sdata2.* .rel.gnu.linkonce.s2.*)
 *(.rela.sdata2 .rela.sdata2.* .rela.gnu.linkonce.s2.*)
 *(.rel.sbss2 .rel.sbss2.* .rel.gnu.linkonce.sb2.*)
 *(.rela.sbss2 .rela.sbss2.* .rela.gnu.linkonce.sb2.*)
 *(.rel.bss .rel.bss.* .rel.gnu.linkonce.b.*)
 *(.rela.bss .rela.bss.* .rela.gnu.linkonce.b.*)
 *(.rel.plt)
 *(.rela.plt)
 *(.rel.dyn)
 *(.init)
 *(.plt)
 *(.text .stub .text.* .gnu.linkonce.t.*)
 .text          0x0000000000002134       0x3c ../alarm_clock_bsp//obj/HAL/src/crt0.o
                0x0000000000002134                _start
 .text          0x0000000000002170      0x530 obj/default/hello_world_small.o
                0x00000000000022e0                irq_handler
                0x0000000000002340                alt_irq_register
                0x00000000000023d4                set_value
                0x0000000000002430                add_second
                0x0000000000002490                display_hour
                0x0000000000002664                init_values
 .text.startup  0x00000000000026a0      0x3f4 obj/default/hello_world_small.o
                0x00000000000026a0                main
 .text          0x0000000000002a94      0x1b4 d:/intelfpga_lite/18.1/nios2eds/bin/gnu/h-x86_64-mingw32/bin/../lib/gcc/nios2-elf/5.3.0/mno-hw-mul\libgcc.a(lib2-divmod.o)
                0x0000000000002a94                __divsi3
                0x0000000000002b18                __modsi3
                0x0000000000002b8c                __udivsi3
                0x0000000000002bf0                __umodsi3
 .text          0x0000000000002c48       0xe0 ../alarm_clock_bsp/\libhal_bsp.a(alt_load.o)
                0x0000000000002c48                alt_load
 .text          0x0000000000002d28       0x2c ../alarm_clock_bsp/\libhal_bsp.a(alt_main.o)
                0x0000000000002d28                alt_main
 .text          0x0000000000002d54      0x170 ../alarm_clock_bsp/\libhal_bsp.a(alt_printf.o)
                0x0000000000002d54                alt_printf
 .text          0x0000000000002ec4       0x48 ../alarm_clock_bsp/\libhal_bsp.a(alt_putchar.o)
                0x0000000000002ec4                alt_putchar
 .text          0x0000000000002f0c       0x38 ../alarm_clock_bsp/\libhal_bsp.a(alt_putstr.o)
                0x0000000000002f0c                alt_putstr
 .text          0x0000000000002f44       0x24 ../alarm_clock_bsp/\libhal_bsp.a(alt_sys_init.o)
                0x0000000000002f44                alt_irq_init
                0x0000000000002f64                alt_sys_init
 .text          0x0000000000002f68       0x34 ../alarm_clock_bsp/\libhal_bsp.a(altera_avalon_jtag_uart_write.o)
                0x0000000000002f68                altera_avalon_jtag_uart_write
 .text          0x0000000000002f9c        0x4 ../alarm_clock_bsp/\libhal_bsp.a(alt_dcache_flush_all.o)
                0x0000000000002f9c                alt_dcache_flush_all
 .text          0x0000000000002fa0        0x4 ../alarm_clock_bsp/\libhal_bsp.a(alt_icache_flush_all.o)
                0x0000000000002fa0                alt_icache_flush_all
 .text          0x0000000000002fa4        0x8 ../alarm_clock_bsp/\libhal_bsp.a(altera_nios2_gen2_irq.o)
                0x0000000000002fa4                altera_nios2_gen2_irq_init
 .text          0x0000000000002fac        0x0 d:/intelfpga_lite/18.1/nios2eds/bin/gnu/h-x86_64-mingw32/bin/../lib/gcc/nios2-elf/5.3.0/../../../../../H-x86_64-mingw32/nios2-elf/lib/mno-hw-mul\libsmallc.a(lib_a-strlen.o)
 .text.strlen   0x0000000000002fac       0x1c d:/intelfpga_lite/18.1/nios2eds/bin/gnu/h-x86_64-mingw32/bin/../lib/gcc/nios2-elf/5.3.0/../../../../../H-x86_64-mingw32/nios2-elf/lib/mno-hw-mul\libsmallc.a(lib_a-strlen.o)
                0x0000000000002fac                strlen
 *(.gnu.warning.*)
 *(.fini)
                [!provide]                        PROVIDE (__etext, ABSOLUTE (.))
                [!provide]                        PROVIDE (_etext, ABSOLUTE (.))
                [!provide]                        PROVIDE (etext, ABSOLUTE (.))
 *(.eh_frame_hdr)
                0x0000000000002fc8                . = ALIGN (0x4)
                [!provide]                        PROVIDE (__preinit_array_start, ABSOLUTE (.))
 *(.preinit_array)
                [!provide]                        PROVIDE (__preinit_array_end, ABSOLUTE (.))
                [!provide]                        PROVIDE (__init_array_start, ABSOLUTE (.))
 *(.init_array)
                [!provide]                        PROVIDE (__init_array_end, ABSOLUTE (.))
                [!provide]                        PROVIDE (__fini_array_start, ABSOLUTE (.))
 *(.fini_array)
                [!provide]                        PROVIDE (__fini_array_end, ABSOLUTE (.))
 *(.eh_frame)
 *(.gcc_except_table .gcc_except_table.*)
 *(.dynamic)
                [!provide]                        PROVIDE (__CTOR_LIST__, ABSOLUTE (.))
 *(.ctors)
 *(SORT(.ctors.*))
                [!provide]                        PROVIDE (__CTOR_END__, ABSOLUTE (.))
                [!provide]                        PROVIDE (__DTOR_LIST__, ABSOLUTE (.))
 *(.dtors)
 *(SORT(.dtors.*))
                [!provide]                        PROVIDE (__DTOR_END__, ABSOLUTE (.))
 *(.jcr)
                0x0000000000002fc8                . = ALIGN (0x4)

.rodata         0x0000000000002fc8      0x104
                0x0000000000002fc8                PROVIDE (__ram_rodata_start, ABSOLUTE (.))
                0x0000000000002fc8                . = ALIGN (0x4)
 *(.rodata .rodata.* .gnu.linkonce.r.*)
 .rodata.str1.4
                0x0000000000002fc8      0x104 obj/default/hello_world_small.o
                                        0x102 (size before relaxing)
 *(.rodata1)
                0x00000000000030cc                . = ALIGN (0x4)
                0x00000000000030cc                PROVIDE (__ram_rodata_end, ABSOLUTE (.))
                0x0000000000002fc8                PROVIDE (__flash_rodata_start, LOADADDR (.rodata))

.rwdata         0x00000000000030cc       0x3c load address 0x0000000000003108
                0x00000000000030cc                PROVIDE (__ram_rwdata_start, ABSOLUTE (.))
                0x00000000000030cc                . = ALIGN (0x4)
 *(.got.plt)
 *(.got)
 *(.data1)
 *(.data .data.* .gnu.linkonce.d.*)
 .data          0x00000000000030cc        0x0 ../alarm_clock_bsp//obj/HAL/src/crt0.o
 .data          0x00000000000030cc        0x0 obj/default/hello_world_small.o
 .data          0x00000000000030cc        0x0 d:/intelfpga_lite/18.1/nios2eds/bin/gnu/h-x86_64-mingw32/bin/../lib/gcc/nios2-elf/5.3.0/mno-hw-mul\libgcc.a(lib2-divmod.o)
 .data          0x00000000000030cc        0x0 ../alarm_clock_bsp/\libhal_bsp.a(alt_load.o)
 .data          0x00000000000030cc        0x0 ../alarm_clock_bsp/\libhal_bsp.a(alt_main.o)
 .data          0x00000000000030cc        0x0 ../alarm_clock_bsp/\libhal_bsp.a(alt_printf.o)
 .data          0x00000000000030cc        0x0 ../alarm_clock_bsp/\libhal_bsp.a(alt_putchar.o)
 .data          0x00000000000030cc        0x0 ../alarm_clock_bsp/\libhal_bsp.a(alt_putstr.o)
 .data          0x00000000000030cc        0x0 ../alarm_clock_bsp/\libhal_bsp.a(alt_sys_init.o)
 .data          0x00000000000030cc        0x0 ../alarm_clock_bsp/\libhal_bsp.a(altera_avalon_jtag_uart_write.o)
 .data          0x00000000000030cc        0x0 ../alarm_clock_bsp/\libhal_bsp.a(alt_dcache_flush_all.o)
 .data          0x00000000000030cc        0x0 ../alarm_clock_bsp/\libhal_bsp.a(alt_icache_flush_all.o)
 .data          0x00000000000030cc        0x0 ../alarm_clock_bsp/\libhal_bsp.a(altera_nios2_gen2_irq.o)
 .data          0x00000000000030cc        0x0 d:/intelfpga_lite/18.1/nios2eds/bin/gnu/h-x86_64-mingw32/bin/../lib/gcc/nios2-elf/5.3.0/../../../../../H-x86_64-mingw32/nios2-elf/lib/mno-hw-mul\libsmallc.a(lib_a-strlen.o)
                0x000000000000b0cc                _gp = ABSOLUTE ((. + 0x8000))
                [!provide]                        PROVIDE (gp, _gp)
 *(.rwdata .rwdata.*)
 *(.sdata .sdata.* .gnu.linkonce.s.*)
 .sdata         0x00000000000030cc       0x38 obj/default/hello_world_small.o
                0x00000000000030cc                first
                0x00000000000030ce                time_unit_sel
                0x00000000000030d0                timer_base_ptr
                0x00000000000030d4                alarm_ptr
                0x00000000000030d8                swc_alarm
                0x00000000000030dc                swc_sel
                0x00000000000030e0                down_ptr
                0x00000000000030e4                up_ptr
                0x00000000000030e8                set_clock
                0x00000000000030ec                s0_ptr
                0x00000000000030f0                s1_ptr
                0x00000000000030f4                m0_ptr
                0x00000000000030f8                m1_ptr
                0x00000000000030fc                h0_ptr
                0x0000000000003100                h1_ptr
 .sdata         0x0000000000003104        0x4 ../alarm_clock_bsp/\libhal_bsp.a(alt_sys_init.o)
                0x0000000000003104                UART
 *(.sdata2 .sdata2.* .gnu.linkonce.s2.*)
                0x0000000000003108                . = ALIGN (0x4)
                0x0000000000003108                _edata = ABSOLUTE (.)
                [!provide]                        PROVIDE (edata, ABSOLUTE (.))
                0x0000000000003108                PROVIDE (__ram_rwdata_end, ABSOLUTE (.))
                0x0000000000003108                PROVIDE (__flash_rwdata_start, LOADADDR (.rwdata))

.bss            0x0000000000003144      0x124
                0x0000000000003144                __bss_start = ABSOLUTE (.)
                [!provide]                        PROVIDE (__sbss_start, ABSOLUTE (.))
                [!provide]                        PROVIDE (___sbss_start, ABSOLUTE (.))
 *(.dynsbss)
 *(.sbss .sbss.* .gnu.linkonce.sb.*)
 .sbss          0x0000000000003144       0x18 obj/default/hello_world_small.o
                0x0000000000003144                button_pressed
                0x0000000000003145                set_pressed
                0x0000000000003146                down_pressed
                0x0000000000003147                up_pressed
                0x0000000000003148                ud_buttons_en
                0x0000000000003149                irqtimer_stall
                0x000000000000314a                is_activated
                0x000000000000314c                hour
                0x0000000000003152                alarm
                0x0000000000003158                alt_irq_active
 .sbss          0x000000000000315c        0xc ../alarm_clock_bsp/\libhal_bsp.a(alt_main.o)
                0x000000000000315c                alt_envp
                0x0000000000003160                alt_argv
                0x0000000000003164                alt_argc
 *(.sbss2 .sbss2.* .gnu.linkonce.sb2.*)
 *(.scommon)
                [!provide]                        PROVIDE (__sbss_end, ABSOLUTE (.))
                [!provide]                        PROVIDE (___sbss_end, ABSOLUTE (.))
 *(.dynbss)
 *(.bss .bss.* .gnu.linkonce.b.*)
 .bss           0x0000000000003168        0x0 ../alarm_clock_bsp//obj/HAL/src/crt0.o
 .bss           0x0000000000003168        0x0 obj/default/hello_world_small.o
 .bss           0x0000000000003168        0x0 d:/intelfpga_lite/18.1/nios2eds/bin/gnu/h-x86_64-mingw32/bin/../lib/gcc/nios2-elf/5.3.0/mno-hw-mul\libgcc.a(lib2-divmod.o)
 .bss           0x0000000000003168        0x0 ../alarm_clock_bsp/\libhal_bsp.a(alt_load.o)
 .bss           0x0000000000003168        0x0 ../alarm_clock_bsp/\libhal_bsp.a(alt_main.o)
 .bss           0x0000000000003168        0x0 ../alarm_clock_bsp/\libhal_bsp.a(alt_printf.o)
 .bss           0x0000000000003168        0x0 ../alarm_clock_bsp/\libhal_bsp.a(alt_putchar.o)
 .bss           0x0000000000003168        0x0 ../alarm_clock_bsp/\libhal_bsp.a(alt_putstr.o)
 .bss           0x0000000000003168        0x0 ../alarm_clock_bsp/\libhal_bsp.a(alt_sys_init.o)
 .bss           0x0000000000003168        0x0 ../alarm_clock_bsp/\libhal_bsp.a(altera_avalon_jtag_uart_write.o)
 .bss           0x0000000000003168        0x0 ../alarm_clock_bsp/\libhal_bsp.a(alt_dcache_flush_all.o)
 .bss           0x0000000000003168        0x0 ../alarm_clock_bsp/\libhal_bsp.a(alt_icache_flush_all.o)
 .bss           0x0000000000003168        0x0 ../alarm_clock_bsp/\libhal_bsp.a(altera_nios2_gen2_irq.o)
 .bss           0x0000000000003168        0x0 d:/intelfpga_lite/18.1/nios2eds/bin/gnu/h-x86_64-mingw32/bin/../lib/gcc/nios2-elf/5.3.0/../../../../../H-x86_64-mingw32/nios2-elf/lib/mno-hw-mul\libsmallc.a(lib_a-strlen.o)
 *(COMMON)
 COMMON         0x0000000000003168      0x100 obj/default/hello_world_small.o
                0x0000000000003168                alt_irq
                0x0000000000003268                . = ALIGN (0x4)
                0x0000000000003268                __bss_end = ABSOLUTE (.)

.RAM            0x0000000000003268        0x0
                [!provide]                        PROVIDE (_alt_partition_RAM_start, ABSOLUTE (.))
 *(.RAM .RAM. RAM.*)
                0x0000000000003268                . = ALIGN (0x4)
                [!provide]                        PROVIDE (_alt_partition_RAM_end, ABSOLUTE (.))
                0x0000000000003268                _end = ABSOLUTE (.)
                0x0000000000003268                end = ABSOLUTE (.)
                0x0000000000003268                __alt_stack_base = ABSOLUTE (.)
                [!provide]                        PROVIDE (_alt_partition_RAM_load_addr, LOADADDR (.RAM))

.stab
 *(.stab)

.stabstr
 *(.stabstr)

.stab.excl
 *(.stab.excl)

.stab.exclstr
 *(.stab.exclstr)

.stab.index
 *(.stab.index)

.stab.indexstr
 *(.stab.indexstr)

.comment        0x0000000000000000       0x23
 *(.comment)
 .comment       0x0000000000000000       0x23 obj/default/hello_world_small.o
                                         0x24 (size before relaxing)
 .comment       0x0000000000000023       0x24 d:/intelfpga_lite/18.1/nios2eds/bin/gnu/h-x86_64-mingw32/bin/../lib/gcc/nios2-elf/5.3.0/mno-hw-mul\libgcc.a(lib2-divmod.o)
 .comment       0x0000000000000023       0x24 ../alarm_clock_bsp/\libhal_bsp.a(alt_load.o)
 .comment       0x0000000000000023       0x24 ../alarm_clock_bsp/\libhal_bsp.a(alt_main.o)
 .comment       0x0000000000000023       0x24 ../alarm_clock_bsp/\libhal_bsp.a(alt_printf.o)
 .comment       0x0000000000000023       0x24 ../alarm_clock_bsp/\libhal_bsp.a(alt_putchar.o)
 .comment       0x0000000000000023       0x24 ../alarm_clock_bsp/\libhal_bsp.a(alt_putstr.o)
 .comment       0x0000000000000023       0x24 ../alarm_clock_bsp/\libhal_bsp.a(alt_sys_init.o)
 .comment       0x0000000000000023       0x24 ../alarm_clock_bsp/\libhal_bsp.a(altera_avalon_jtag_uart_write.o)
 .comment       0x0000000000000023       0x24 ../alarm_clock_bsp/\libhal_bsp.a(alt_dcache_flush_all.o)
 .comment       0x0000000000000023       0x24 ../alarm_clock_bsp/\libhal_bsp.a(alt_icache_flush_all.o)
 .comment       0x0000000000000023       0x24 ../alarm_clock_bsp/\libhal_bsp.a(altera_nios2_gen2_irq.o)
 .comment       0x0000000000000023       0x24 d:/intelfpga_lite/18.1/nios2eds/bin/gnu/h-x86_64-mingw32/bin/../lib/gcc/nios2-elf/5.3.0/../../../../../H-x86_64-mingw32/nios2-elf/lib/mno-hw-mul\libsmallc.a(lib_a-strlen.o)

.debug
 *(.debug)

.line
 *(.line)

.debug_srcinfo
 *(.debug_srcinfo)

.debug_sfnames
 *(.debug_sfnames)

.debug_aranges  0x0000000000000000      0x1d8
 *(.debug_aranges)
 .debug_aranges
                0x0000000000000000       0x28 ../alarm_clock_bsp//obj/HAL/src/crt0.o
 .debug_aranges
                0x0000000000000028       0x30 obj/default/hello_world_small.o
 .debug_aranges
                0x0000000000000058       0x20 d:/intelfpga_lite/18.1/nios2eds/bin/gnu/h-x86_64-mingw32/bin/../lib/gcc/nios2-elf/5.3.0/mno-hw-mul\libgcc.a(lib2-divmod.o)
 .debug_aranges
                0x0000000000000078       0x20 ../alarm_clock_bsp/\libhal_bsp.a(alt_load.o)
 .debug_aranges
                0x0000000000000098       0x20 ../alarm_clock_bsp/\libhal_bsp.a(alt_main.o)
 .debug_aranges
                0x00000000000000b8       0x20 ../alarm_clock_bsp/\libhal_bsp.a(alt_printf.o)
 .debug_aranges
                0x00000000000000d8       0x20 ../alarm_clock_bsp/\libhal_bsp.a(alt_putchar.o)
 .debug_aranges
                0x00000000000000f8       0x20 ../alarm_clock_bsp/\libhal_bsp.a(alt_putstr.o)
 .debug_aranges
                0x0000000000000118       0x20 ../alarm_clock_bsp/\libhal_bsp.a(alt_sys_init.o)
 .debug_aranges
                0x0000000000000138       0x20 ../alarm_clock_bsp/\libhal_bsp.a(altera_avalon_jtag_uart_write.o)
 .debug_aranges
                0x0000000000000158       0x20 ../alarm_clock_bsp/\libhal_bsp.a(alt_dcache_flush_all.o)
 .debug_aranges
                0x0000000000000178       0x20 ../alarm_clock_bsp/\libhal_bsp.a(alt_icache_flush_all.o)
 .debug_aranges
                0x0000000000000198       0x20 ../alarm_clock_bsp/\libhal_bsp.a(altera_nios2_gen2_irq.o)
 .debug_aranges
                0x00000000000001b8       0x20 d:/intelfpga_lite/18.1/nios2eds/bin/gnu/h-x86_64-mingw32/bin/../lib/gcc/nios2-elf/5.3.0/../../../../../H-x86_64-mingw32/nios2-elf/lib/mno-hw-mul\libsmallc.a(lib_a-strlen.o)

.debug_pubnames
 *(.debug_pubnames)

.debug_info     0x0000000000000000     0x1d9e
 *(.debug_info .gnu.linkonce.wi.*)
 .debug_info    0x0000000000000000       0x97 ../alarm_clock_bsp//obj/HAL/src/crt0.o
 .debug_info    0x0000000000000097      0xdc3 obj/default/hello_world_small.o
 .debug_info    0x0000000000000e5a      0x2c6 d:/intelfpga_lite/18.1/nios2eds/bin/gnu/h-x86_64-mingw32/bin/../lib/gcc/nios2-elf/5.3.0/mno-hw-mul\libgcc.a(lib2-divmod.o)
 .debug_info    0x0000000000001120      0x1c9 ../alarm_clock_bsp/\libhal_bsp.a(alt_load.o)
 .debug_info    0x00000000000012e9      0x169 ../alarm_clock_bsp/\libhal_bsp.a(alt_main.o)
 .debug_info    0x0000000000001452      0x14d ../alarm_clock_bsp/\libhal_bsp.a(alt_printf.o)
 .debug_info    0x000000000000159f      0x12a ../alarm_clock_bsp/\libhal_bsp.a(alt_putchar.o)
 .debug_info    0x00000000000016c9      0x13a ../alarm_clock_bsp/\libhal_bsp.a(alt_putstr.o)
 .debug_info    0x0000000000001803      0x185 ../alarm_clock_bsp/\libhal_bsp.a(alt_sys_init.o)
 .debug_info    0x0000000000001988      0x197 ../alarm_clock_bsp/\libhal_bsp.a(altera_avalon_jtag_uart_write.o)
 .debug_info    0x0000000000001b1f       0x92 ../alarm_clock_bsp/\libhal_bsp.a(alt_dcache_flush_all.o)
 .debug_info    0x0000000000001bb1       0x92 ../alarm_clock_bsp/\libhal_bsp.a(alt_icache_flush_all.o)
 .debug_info    0x0000000000001c43       0x92 ../alarm_clock_bsp/\libhal_bsp.a(altera_nios2_gen2_irq.o)
 .debug_info    0x0000000000001cd5       0xc9 d:/intelfpga_lite/18.1/nios2eds/bin/gnu/h-x86_64-mingw32/bin/../lib/gcc/nios2-elf/5.3.0/../../../../../H-x86_64-mingw32/nios2-elf/lib/mno-hw-mul\libsmallc.a(lib_a-strlen.o)

.debug_abbrev   0x0000000000000000      0xbff
 *(.debug_abbrev)
 .debug_abbrev  0x0000000000000000       0x12 ../alarm_clock_bsp//obj/HAL/src/crt0.o
 .debug_abbrev  0x0000000000000012      0x37e obj/default/hello_world_small.o
 .debug_abbrev  0x0000000000000390      0x10e d:/intelfpga_lite/18.1/nios2eds/bin/gnu/h-x86_64-mingw32/bin/../lib/gcc/nios2-elf/5.3.0/mno-hw-mul\libgcc.a(lib2-divmod.o)
 .debug_abbrev  0x000000000000049e       0xd8 ../alarm_clock_bsp/\libhal_bsp.a(alt_load.o)
 .debug_abbrev  0x0000000000000576       0xee ../alarm_clock_bsp/\libhal_bsp.a(alt_main.o)
 .debug_abbrev  0x0000000000000664       0xd5 ../alarm_clock_bsp/\libhal_bsp.a(alt_printf.o)
 .debug_abbrev  0x0000000000000739       0xd2 ../alarm_clock_bsp/\libhal_bsp.a(alt_putchar.o)
 .debug_abbrev  0x000000000000080b       0xd3 ../alarm_clock_bsp/\libhal_bsp.a(alt_putstr.o)
 .debug_abbrev  0x00000000000008de      0x107 ../alarm_clock_bsp/\libhal_bsp.a(alt_sys_init.o)
 .debug_abbrev  0x00000000000009e5       0xd5 ../alarm_clock_bsp/\libhal_bsp.a(altera_avalon_jtag_uart_write.o)
 .debug_abbrev  0x0000000000000aba       0x42 ../alarm_clock_bsp/\libhal_bsp.a(alt_dcache_flush_all.o)
 .debug_abbrev  0x0000000000000afc       0x42 ../alarm_clock_bsp/\libhal_bsp.a(alt_icache_flush_all.o)
 .debug_abbrev  0x0000000000000b3e       0x42 ../alarm_clock_bsp/\libhal_bsp.a(altera_nios2_gen2_irq.o)
 .debug_abbrev  0x0000000000000b80       0x7f d:/intelfpga_lite/18.1/nios2eds/bin/gnu/h-x86_64-mingw32/bin/../lib/gcc/nios2-elf/5.3.0/../../../../../H-x86_64-mingw32/nios2-elf/lib/mno-hw-mul\libsmallc.a(lib_a-strlen.o)

.debug_line     0x0000000000000000      0xc60
 *(.debug_line)
 .debug_line    0x0000000000000000       0x66 ../alarm_clock_bsp//obj/HAL/src/crt0.o
 .debug_line    0x0000000000000066      0x354 obj/default/hello_world_small.o
 .debug_line    0x00000000000003ba      0x105 d:/intelfpga_lite/18.1/nios2eds/bin/gnu/h-x86_64-mingw32/bin/../lib/gcc/nios2-elf/5.3.0/mno-hw-mul\libgcc.a(lib2-divmod.o)
 .debug_line    0x00000000000004bf       0xa4 ../alarm_clock_bsp/\libhal_bsp.a(alt_load.o)
 .debug_line    0x0000000000000563       0xbd ../alarm_clock_bsp/\libhal_bsp.a(alt_main.o)
 .debug_line    0x0000000000000620      0x112 ../alarm_clock_bsp/\libhal_bsp.a(alt_printf.o)
 .debug_line    0x0000000000000732       0x55 ../alarm_clock_bsp/\libhal_bsp.a(alt_putchar.o)
 .debug_line    0x0000000000000787       0xa0 ../alarm_clock_bsp/\libhal_bsp.a(alt_putstr.o)
 .debug_line    0x0000000000000827      0x101 ../alarm_clock_bsp/\libhal_bsp.a(alt_sys_init.o)
 .debug_line    0x0000000000000928       0xf0 ../alarm_clock_bsp/\libhal_bsp.a(altera_avalon_jtag_uart_write.o)
 .debug_line    0x0000000000000a18       0x4e ../alarm_clock_bsp/\libhal_bsp.a(alt_dcache_flush_all.o)
 .debug_line    0x0000000000000a66       0x4e ../alarm_clock_bsp/\libhal_bsp.a(alt_icache_flush_all.o)
 .debug_line    0x0000000000000ab4       0x50 ../alarm_clock_bsp/\libhal_bsp.a(altera_nios2_gen2_irq.o)
 .debug_line    0x0000000000000b04      0x15c d:/intelfpga_lite/18.1/nios2eds/bin/gnu/h-x86_64-mingw32/bin/../lib/gcc/nios2-elf/5.3.0/../../../../../H-x86_64-mingw32/nios2-elf/lib/mno-hw-mul\libsmallc.a(lib_a-strlen.o)

.debug_frame    0x0000000000000000      0x3a4
 *(.debug_frame)
 .debug_frame   0x0000000000000000      0x168 obj/default/hello_world_small.o
 .debug_frame   0x0000000000000168       0x50 d:/intelfpga_lite/18.1/nios2eds/bin/gnu/h-x86_64-mingw32/bin/../lib/gcc/nios2-elf/5.3.0/mno-hw-mul\libgcc.a(lib2-divmod.o)
 .debug_frame   0x00000000000001b8       0x30 ../alarm_clock_bsp/\libhal_bsp.a(alt_load.o)
 .debug_frame   0x00000000000001e8       0x2c ../alarm_clock_bsp/\libhal_bsp.a(alt_main.o)
 .debug_frame   0x0000000000000214       0x54 ../alarm_clock_bsp/\libhal_bsp.a(alt_printf.o)
 .debug_frame   0x0000000000000268       0x30 ../alarm_clock_bsp/\libhal_bsp.a(alt_putchar.o)
 .debug_frame   0x0000000000000298       0x30 ../alarm_clock_bsp/\libhal_bsp.a(alt_putstr.o)
 .debug_frame   0x00000000000002c8       0x3c ../alarm_clock_bsp/\libhal_bsp.a(alt_sys_init.o)
 .debug_frame   0x0000000000000304       0x20 ../alarm_clock_bsp/\libhal_bsp.a(altera_avalon_jtag_uart_write.o)
 .debug_frame   0x0000000000000324       0x20 ../alarm_clock_bsp/\libhal_bsp.a(alt_dcache_flush_all.o)
 .debug_frame   0x0000000000000344       0x20 ../alarm_clock_bsp/\libhal_bsp.a(alt_icache_flush_all.o)
 .debug_frame   0x0000000000000364       0x20 ../alarm_clock_bsp/\libhal_bsp.a(altera_nios2_gen2_irq.o)
 .debug_frame   0x0000000000000384       0x20 d:/intelfpga_lite/18.1/nios2eds/bin/gnu/h-x86_64-mingw32/bin/../lib/gcc/nios2-elf/5.3.0/../../../../../H-x86_64-mingw32/nios2-elf/lib/mno-hw-mul\libsmallc.a(lib_a-strlen.o)

.debug_str      0x0000000000000000      0xa35
 *(.debug_str)
 .debug_str     0x0000000000000000      0x372 obj/default/hello_world_small.o
                                        0x3c6 (size before relaxing)
 .debug_str     0x0000000000000372      0x187 d:/intelfpga_lite/18.1/nios2eds/bin/gnu/h-x86_64-mingw32/bin/../lib/gcc/nios2-elf/5.3.0/mno-hw-mul\libgcc.a(lib2-divmod.o)
                                        0x1d2 (size before relaxing)
 .debug_str     0x00000000000004f9      0x182 ../alarm_clock_bsp/\libhal_bsp.a(alt_load.o)
                                        0x265 (size before relaxing)
 .debug_str     0x000000000000067b       0x8f ../alarm_clock_bsp/\libhal_bsp.a(alt_main.o)
                                        0x1de (size before relaxing)
 .debug_str     0x000000000000070a       0x59 ../alarm_clock_bsp/\libhal_bsp.a(alt_printf.o)
                                        0x12f (size before relaxing)
 .debug_str     0x0000000000000763       0x59 ../alarm_clock_bsp/\libhal_bsp.a(alt_putchar.o)
                                        0x1af (size before relaxing)
 .debug_str     0x00000000000007bc       0x1c ../alarm_clock_bsp/\libhal_bsp.a(alt_putstr.o)
                                        0x1b4 (size before relaxing)
 .debug_str     0x00000000000007d8       0x86 ../alarm_clock_bsp/\libhal_bsp.a(alt_sys_init.o)
                                        0x248 (size before relaxing)
 .debug_str     0x000000000000085e       0x3f ../alarm_clock_bsp/\libhal_bsp.a(altera_avalon_jtag_uart_write.o)
                                        0x23e (size before relaxing)
 .debug_str     0x000000000000089d       0x1f ../alarm_clock_bsp/\libhal_bsp.a(alt_dcache_flush_all.o)
                                        0x17e (size before relaxing)
 .debug_str     0x00000000000008bc       0x1f ../alarm_clock_bsp/\libhal_bsp.a(alt_icache_flush_all.o)
                                        0x17e (size before relaxing)
 .debug_str     0x00000000000008db       0x20 ../alarm_clock_bsp/\libhal_bsp.a(altera_nios2_gen2_irq.o)
                                        0x185 (size before relaxing)
 .debug_str     0x00000000000008fb      0x13a d:/intelfpga_lite/18.1/nios2eds/bin/gnu/h-x86_64-mingw32/bin/../lib/gcc/nios2-elf/5.3.0/../../../../../H-x86_64-mingw32/nios2-elf/lib/mno-hw-mul\libsmallc.a(lib_a-strlen.o)
                                        0x1e5 (size before relaxing)

.debug_loc      0x0000000000000000      0xe91
 *(.debug_loc)
 .debug_loc     0x0000000000000000      0x6b8 obj/default/hello_world_small.o
 .debug_loc     0x00000000000006b8      0x4ce d:/intelfpga_lite/18.1/nios2eds/bin/gnu/h-x86_64-mingw32/bin/../lib/gcc/nios2-elf/5.3.0/mno-hw-mul\libgcc.a(lib2-divmod.o)
 .debug_loc     0x0000000000000b86      0x1de ../alarm_clock_bsp/\libhal_bsp.a(alt_printf.o)
 .debug_loc     0x0000000000000d64       0x2c ../alarm_clock_bsp/\libhal_bsp.a(alt_putchar.o)
 .debug_loc     0x0000000000000d90       0x37 ../alarm_clock_bsp/\libhal_bsp.a(alt_putstr.o)
 .debug_loc     0x0000000000000dc7       0x21 ../alarm_clock_bsp/\libhal_bsp.a(alt_sys_init.o)
 .debug_loc     0x0000000000000de8       0x8b ../alarm_clock_bsp/\libhal_bsp.a(altera_avalon_jtag_uart_write.o)
 .debug_loc     0x0000000000000e73       0x1e d:/intelfpga_lite/18.1/nios2eds/bin/gnu/h-x86_64-mingw32/bin/../lib/gcc/nios2-elf/5.3.0/../../../../../H-x86_64-mingw32/nios2-elf/lib/mno-hw-mul\libsmallc.a(lib_a-strlen.o)

.debug_macinfo
 *(.debug_macinfo)

.debug_weaknames
 *(.debug_weaknames)

.debug_funcnames
 *(.debug_funcnames)

.debug_typenames
 *(.debug_typenames)

.debug_varnames
 *(.debug_varnames)

.debug_alt_sim_info
                0x0000000000000000       0x10
 *(.debug_alt_sim_info)
 .debug_alt_sim_info
                0x0000000000000000       0x10 ../alarm_clock_bsp//obj/HAL/src/crt0.o
                0x0000000000004000                __alt_data_end = 0x4000
                0x0000000000004000                PROVIDE (__alt_stack_pointer, __alt_data_end)
                [!provide]                        PROVIDE (__alt_stack_limit, __alt_stack_base)
                [!provide]                        PROVIDE (__alt_heap_start, end)
                [!provide]                        PROVIDE (__alt_heap_limit, 0x4000)
OUTPUT(alarm_clock.elf elf32-littlenios2)

.debug_ranges   0x0000000000000000      0x210
 .debug_ranges  0x0000000000000000       0x20 ../alarm_clock_bsp//obj/HAL/src/crt0.o
 .debug_ranges  0x0000000000000020      0x120 obj/default/hello_world_small.o
 .debug_ranges  0x0000000000000140       0x60 d:/intelfpga_lite/18.1/nios2eds/bin/gnu/h-x86_64-mingw32/bin/../lib/gcc/nios2-elf/5.3.0/mno-hw-mul\libgcc.a(lib2-divmod.o)
 .debug_ranges  0x00000000000001a0       0x48 ../alarm_clock_bsp/\libhal_bsp.a(alt_load.o)
 .debug_ranges  0x00000000000001e8       0x18 ../alarm_clock_bsp/\libhal_bsp.a(alt_printf.o)
 .debug_ranges  0x0000000000000200       0x10 d:/intelfpga_lite/18.1/nios2eds/bin/gnu/h-x86_64-mingw32/bin/../lib/gcc/nios2-elf/5.3.0/../../../../../H-x86_64-mingw32/nios2-elf/lib/mno-hw-mul\libsmallc.a(lib_a-strlen.o)
